MPLINK 4.48, Linker
Linker Map File - Created Tue Oct 08 21:00:23 2013

                                 Section Info
                  Section       Type    Address   Location Size(Bytes)
                ---------  ---------  ---------  ---------  ---------
               _entry_scn       code   0x002000    program   0x000006
                   .cinit    romdata   0x002006    program   0x00001a
   .code_AtWareGraphics.o       code   0x002020    program   0x000e9c
                     PROG       code   0x002ebc    program   0x0008d0
         .code_vfprintf.o       code   0x00378c    program   0x000816
             .code_main.o       code   0x003fa2    program   0x000780
.romdata_AtWareGraphics.o    romdata   0x004722    program   0x00023a
             .stringtable    romdata   0x00495c    program   0x00010e
          .code_teclado.o       code   0x004a6a    program   0x0000fe
               _cinit_scn       code   0x004b68    program   0x00009e
            .code_delay.o       code   0x004c06    program   0x000090
                   STRING       code   0x004c96    program   0x000066
             .code_putc.o       code   0x004cfc    program   0x000066
           .code_printf.o       code   0x004d62    program   0x000064
             _startup_scn       code   0x004dc6    program   0x000038
                    CTYPE       code   0x004dfe    program   0x000024
                    .code       code   0x004e22    program   0x000020
                    STDIO       code   0x004e42    program   0x00001c
      .romdata_vfprintf.o    romdata   0x004e5e    program   0x000011
        .romdata_stdout.o    romdata   0x004e6f    program   0x000000
        .romdata_printf.o    romdata   0x004e6f    program   0x000000
      .idata_vfprintf.o_i    romdata   0x004e6f    program   0x000000
          .idata_putc.o_i    romdata   0x004e6f    program   0x000000
          .romdata_putc.o    romdata   0x004e6f    program   0x000000
         .idata_delay.o_i    romdata   0x004e6f    program   0x000000
        .idata_printf.o_i    romdata   0x004e6f    program   0x000000
        .romdata___init.o    romdata   0x004e6f    program   0x000000
        .idata___init.o_i    romdata   0x004e6f    program   0x000000
         .romdata_delay.o    romdata   0x004e6f    program   0x000000
.idata_AtWareGraphics.o_i    romdata   0x004e6f    program   0x000000
       .romdata_teclado.o    romdata   0x004e6f    program   0x000000
       .idata_teclado.o_i    romdata   0x004e6f    program   0x000000
       .romdata_startup.o    romdata   0x004e6f    program   0x000000
       .idata_startup.o_i    romdata   0x004e6f    program   0x000000
          .romdata_main.o    romdata   0x004e6f    program   0x000000
           .code___init.o       code   0x004e70    program   0x000002
           .code_stdout.o       code   0x004e70    program   0x000000
          .code_startup.o       code   0x004e70    program   0x000000
        .idata_stdout.o_i    romdata   0x004e72    program   0x000002
          .idata_main.o_i    romdata   0x004e74    program   0x000018
  .udata_AtWareGraphics.o      udata   0x000000       data   0x000092
            .idata_main.o      idata   0x000092       data   0x000018
                 .tmpdata      udata   0x0000aa       data   0x000012
         .udata_startup.o      udata   0x0000bc       data   0x00000e
                MATH_DATA      udata   0x0000ca       data   0x000004
          .idata_stdout.o      idata   0x0000ce       data   0x000002
            .idata_putc.o      idata   0x0000d0       data   0x000000
            .udata_putc.o      udata   0x0000d0       data   0x000000
        .idata_vfprintf.o      idata   0x0000d0       data   0x000000
        .udata_vfprintf.o      udata   0x0000d0       data   0x000000
          .udata_stdout.o      udata   0x0000d0       data   0x000000
          .idata_printf.o      idata   0x0000d0       data   0x000000
          .udata_printf.o      udata   0x0000d0       data   0x000000
          .idata___init.o      idata   0x0000d0       data   0x000000
          .udata___init.o      udata   0x0000d0       data   0x000000
           .udata_delay.o      udata   0x0000d0       data   0x000000
  .idata_AtWareGraphics.o      idata   0x0000d0       data   0x000000
           .idata_delay.o      idata   0x0000d0       data   0x000000
         .idata_teclado.o      idata   0x0000d0       data   0x000000
         .udata_teclado.o      udata   0x0000d0       data   0x000000
         .idata_startup.o      idata   0x0000d0       data   0x000000
            .udata_main.o      udata   0x0000d0       data   0x000000
                   .stack      udata   0x000700       data   0x000100
            SFR_UNBANKED0      udata   0x000f62       data   0x00009e



                              Program Memory Usage 
                               Start         End      
                           ---------   ---------      
                            0x002000    0x004e6e      
                            0x004e70    0x004e8b      
            11915 out of 24576 program addresses used, program memory utilization is 48%



                              Symbols - Sorted by Name
                     Name    Address   Location    Storage File                     
                ---------  ---------  ---------  --------- ---------                
                 ATGClear   0x00205c    program     extern C:\Documents and Settings\Pedro\Escritorio\PICGraphics\Clear.c
        ATGConsolePutChar   0x00213e    program     extern C:\Documents and Settings\Pedro\Escritorio\PICGraphics\Console.c
               ATGEllipse   0x0021f2    program     extern C:\Documents and Settings\Pedro\Escritorio\PICGraphics\Ellipse.c
            ATGFillLimits   0x00266a    program     extern C:\Documents and Settings\Pedro\Escritorio\PICGraphics\Fill.c
                  ATGHide   0x00204c    program     extern C:\Documents and Settings\Pedro\Escritorio\PICGraphics\AtWareGraphics.c
                  ATGInit   0x002020    program     extern C:\Documents and Settings\Pedro\Escritorio\PICGraphics\AtWareGraphics.c
                  ATGLine   0x0026f2    program     extern C:\Documents and Settings\Pedro\Escritorio\PICGraphics\Line.c
            ATGLineLimits   0x0027b8    program     extern C:\Documents and Settings\Pedro\Escritorio\PICGraphics\LineLimit.c
                  ATGPoly   0x002878    program     extern C:\Documents and Settings\Pedro\Escritorio\PICGraphics\Poly.c
               ATGPolyROM   0x0028a8    program     extern C:\Documents and Settings\Pedro\Escritorio\PICGraphics\Poly.c
           ATGResetLimits   0x00262a    program     extern C:\Documents and Settings\Pedro\Escritorio\PICGraphics\Fill.c
         ATGScrollConsole   0x0020b4    program     extern C:\Documents and Settings\Pedro\Escritorio\PICGraphics\Console.c
              ATGSetLimit   0x00257a    program     extern C:\Documents and Settings\Pedro\Escritorio\PICGraphics\Fill.c
              ATGSetPixel   0x00250c    program     extern C:\Documents and Settings\Pedro\Escritorio\PICGraphics\SetPixel.c
                  ATGShow   0x002054    program     extern C:\Documents and Settings\Pedro\Escritorio\PICGraphics\AtWareGraphics.c
     ATGSystemFontCharOut   0x002a56    program     extern C:\Documents and Settings\Pedro\Escritorio\PICGraphics\SystemText.c
 ATGWriteCombineNx8Sprite   0x002922    program     extern C:\Documents and Settings\Pedro\Escritorio\PICGraphics\Sprite.c
                   D1616S   0x0030dc    program     static E:\c18v3.46\pic18-lt\cxx-framework\src\extended\math\div16s.asm
                D1616SNEG   0x0030ea    program     static E:\c18v3.46\pic18-lt\cxx-framework\src\extended\math\div16s.asm
                 D1616SOK   0x0030e6    program     static E:\c18v3.46\pic18-lt\cxx-framework\src\extended\math\div16s.asm
                D1616SPOS   0x0030fa    program     static E:\c18v3.46\pic18-lt\cxx-framework\src\extended\math\div16s.asm
                  D1616SX   0x003120    program     static E:\c18v3.46\pic18-lt\cxx-framework\src\extended\math\div16s.asm
                  DA1616S   0x0030cc    program     static E:\c18v3.46\pic18-lt\cxx-framework\src\extended\math\div16s.asm
                   KB_Get   0x004b5a    program     extern C:\Baumanometro\teclado.c
                   KB_Hit   0x004a74    program     extern C:\Baumanometro\teclado.c
                  KB_Read   0x004a84    program     extern C:\Baumanometro\teclado.c
                  KB_Wait   0x004a6a    program     extern C:\Baumanometro\teclado.c
                  RESTORE   0x003112    program     static E:\c18v3.46\pic18-lt\cxx-framework\src\extended\math\div16s.asm
                  RESTORE   0x003638    program     static E:\c18v3.46\pic18-lt\cxx-framework\src\extended\math\div16u.asm
                  RESTORE   0x0036dc    program     static E:\c18v3.46\pic18-lt\cxx-framework\src\extended\math\div32u.asm
              RETQUOTIENT   0x00310a    program     static E:\c18v3.46\pic18-lt\cxx-framework\src\extended\math\div16s.asm
              RETQUOTIENT   0x003630    program     static E:\c18v3.46\pic18-lt\cxx-framework\src\extended\math\div16u.asm
              RETQUOTIENT   0x0036cc    program     static E:\c18v3.46\pic18-lt\cxx-framework\src\extended\math\div32u.asm
                  SETSIGN   0x0030ba    program     static E:\c18v3.46\pic18-lt\cxx-framework\src\extended\math\div16s.asm
                 SETUPSTK   0x00309a    program     static E:\c18v3.46\pic18-lt\cxx-framework\src\extended\math\div16s.asm
                 SETUPSTK   0x003646    program     static E:\c18v3.46\pic18-lt\cxx-framework\src\extended\math\div32u.asm
                 SETUPSTK   0x0035ce    program     static E:\c18v3.46\pic18-lt\cxx-framework\src\extended\math\div16u.asm
            SensarPresion   0x00404c    program     extern C:\Baumanometro\main.c   
            SystemFont5x7   0x00472a    program     extern C:\Documents and Settings\Pedro\Escritorio\PICGraphics\SystemText.c
         User_ATGReadData   0x003fc0    program     extern C:\Baumanometro\main.c   
       User_ATGReadStatus   0x00402c    program     extern C:\Baumanometro\main.c   
     User_ATGWriteCommand   0x00400e    program     extern C:\Baumanometro\main.c   
        User_ATGWriteData   0x003ff0    program     extern C:\Baumanometro\main.c   
                   _2jEnd   0x004ce6    program     static E:\c18v3.46\pic18-lt\cxx-framework\src\extended\stdclib\slenpgm.asm
              __FpCompare   0x0031f6    program     extern E:\c18v3.46\pic18-lt\cxx-framework\src\extended\math\compFP.asm
                 __FpPack   0x002efe    program     extern E:\c18v3.46\pic18-lt\cxx-framework\src\extended\math\packFP.asm
            __FpReturnNaN   0x002f80    program     extern E:\c18v3.46\pic18-lt\cxx-framework\src\extended\math\packFP.asm
         __FpReturnNegInf   0x002f92    program     extern E:\c18v3.46\pic18-lt\cxx-framework\src\extended\math\packFP.asm
        __FpReturnNegZero   0x002faa    program     extern E:\c18v3.46\pic18-lt\cxx-framework\src\extended\math\packFP.asm
         __FpReturnPosInf   0x002f98    program     extern E:\c18v3.46\pic18-lt\cxx-framework\src\extended\math\packFP.asm
        __FpReturnPosZero   0x002fb2    program     extern E:\c18v3.46\pic18-lt\cxx-framework\src\extended\math\packFP.asm
        __FpReturnSignInf   0x002f8e    program     extern E:\c18v3.46\pic18-lt\cxx-framework\src\extended\math\packFP.asm
       __FpReturnSignZero   0x002fa6    program     extern E:\c18v3.46\pic18-lt\cxx-framework\src\extended\math\packFP.asm
              __FpReturnW   0x002f56    program     extern E:\c18v3.46\pic18-lt\cxx-framework\src\extended\math\packFP.asm
              __FpUnPackA   0x00303e    program     extern E:\c18v3.46\pic18-lt\cxx-framework\src\extended\math\unpackFP.asm
              __FpUnPackB   0x00306e    program     extern E:\c18v3.46\pic18-lt\cxx-framework\src\extended\math\unpackFP.asm
           ___do_lbl00002   0x003fc2    program     static                          
           ___do_lbl00003   0x003fc8    program     static                          
           ___do_lbl00004   0x003fc0    program     static                          
           ___do_lbl00005   0x003fd4    program     static                          
           ___do_lbl00006   0x003fda    program     static                          
           ___do_lbl00007   0x003fd2    program     static                          
           ___do_lbl00009   0x003ff2    program     static                          
           ___do_lbl00010   0x003ff8    program     static                          
           ___do_lbl00011   0x003ff0    program     static                          
           ___do_lbl00013   0x004010    program     static                          
           ___do_lbl00014   0x004016    program     static                          
           ___do_lbl00015   0x00400e    program     static                          
         ___else_lbl00018   0x004038    program     static                          
           ___if_lbl00017   0x00403a    program     static                          
       ___return_lbl00000   0x002004    program     static                          
       ___return_lbl00001   0x004dfc    program     static                          
       ___return_lbl00001   0x003fee    program     static                          
       ___return_lbl00002   0x004c04    program     static                          
       ___return_lbl00008   0x00400c    program     static                          
       ___return_lbl00012   0x00402a    program     static                          
       ___return_lbl00016   0x00404a    program     static                          
                  __addFP   0x003488    program     extern E:\c18v3.46\pic18-lt\cxx-framework\src\extended\math\addFP.asm
              __cast16sFP   0x002ec0    program     extern E:\c18v3.46\pic18-lt\cxx-framework\src\extended\math\cast16FP.asm
              __cast16uFP   0x002ebc    program     extern E:\c18v3.46\pic18-lt\cxx-framework\src\extended\math\cast16FP.asm
               __castFP16   0x002fb8    program     extern E:\c18v3.46\pic18-lt\cxx-framework\src\extended\math\castFP16.asm
                 __div16s   0x0030b2    program     extern E:\c18v3.46\pic18-lt\cxx-framework\src\extended\math\div16s.asm
                 __div16u   0x0035e6    program     extern E:\c18v3.46\pic18-lt\cxx-framework\src\extended\math\div16u.asm
                 __div32u   0x00365e    program     extern E:\c18v3.46\pic18-lt\cxx-framework\src\extended\math\div32u.asm
                  __divFP   0x00312a    program     extern E:\c18v3.46\pic18-lt\cxx-framework\src\extended\math\divFP.asm
                   __gtFP   0x0031e4    program     extern E:\c18v3.46\pic18-lt\cxx-framework\src\extended\math\gtFP.asm
                   __init   0x004e70    program     extern E:\c18v3.46\pic18-lt\cxx-framework\src\extended\stdclib\__init.c
                   __ltFP   0x0032c4    program     extern E:\c18v3.46\pic18-lt\cxx-framework\src\extended\math\ltFP.asm
                 __mod16s   0x0030b8    program     extern E:\c18v3.46\pic18-lt\cxx-framework\src\extended\math\div16s.asm
                 __mod16u   0x0035ec    program     extern E:\c18v3.46\pic18-lt\cxx-framework\src\extended\math\div16u.asm
                 __mod32u   0x003664    program     extern E:\c18v3.46\pic18-lt\cxx-framework\src\extended\math\div32u.asm
                  __mul24   0x0032d6    program     extern E:\c18v3.46\pic18-lt\cxx-framework\src\extended\math\mul24.asm
                  __mul32   0x0036ea    program     extern E:\c18v3.46\pic18-lt\cxx-framework\src\extended\math\mul32.asm
                  __mulFP   0x003396    program     extern E:\c18v3.46\pic18-lt\cxx-framework\src\extended\math\mulFP.asm
                   __pa_0   0x002b10    program     static C:\Documents and Settings\Pedro\Escritorio\PICGraphics\Ellipse.c
                   __pa_0   0x003e4e    program     static E:\c18v3.46\pic18-lt\cxx-framework\src\extended\stdclib\vfprintf.c
                   __pa_1   0x003e5c    program     static E:\c18v3.46\pic18-lt\cxx-framework\src\extended\stdclib\vfprintf.c
                   __pa_1   0x002b2a    program     static C:\Documents and Settings\Pedro\Escritorio\PICGraphics\Ellipse.c
                  __pa_10   0x003eea    program     static E:\c18v3.46\pic18-lt\cxx-framework\src\extended\stdclib\vfprintf.c
                  __pa_10   0x002bea    program     static C:\Documents and Settings\Pedro\Escritorio\PICGraphics\Line.c
                  __pa_11   0x002c10    program     static C:\Documents and Settings\Pedro\Escritorio\PICGraphics\LineLimit.c
                  __pa_11   0x003efa    program     static E:\c18v3.46\pic18-lt\cxx-framework\src\extended\stdclib\vfprintf.c
                  __pa_12   0x002c24    program     static C:\Documents and Settings\Pedro\Escritorio\PICGraphics\Fill.c
                  __pa_12   0x003f0a    program     static E:\c18v3.46\pic18-lt\cxx-framework\src\extended\stdclib\vfprintf.c
                  __pa_13   0x002c2e    program     static C:\Documents and Settings\Pedro\Escritorio\PICGraphics\Poly.c
                  __pa_13   0x003f18    program     static E:\c18v3.46\pic18-lt\cxx-framework\src\extended\stdclib\vfprintf.c
                  __pa_14   0x002c4c    program     static C:\Documents and Settings\Pedro\Escritorio\PICGraphics\Ellipse.c
                  __pa_14   0x003f36    program     static E:\c18v3.46\pic18-lt\cxx-framework\src\extended\stdclib\vfprintf.c
                  __pa_15   0x003f40    program     static E:\c18v3.46\pic18-lt\cxx-framework\src\extended\stdclib\vfprintf.c
                  __pa_15   0x002c64    program     static C:\Documents and Settings\Pedro\Escritorio\PICGraphics\Line.c
                  __pa_16   0x003f46    program     static E:\c18v3.46\pic18-lt\cxx-framework\src\extended\stdclib\vfprintf.c
                  __pa_16   0x002c7e    program     static C:\Documents and Settings\Pedro\Escritorio\PICGraphics\Ellipse.c
                  __pa_17   0x002c96    program     static C:\Documents and Settings\Pedro\Escritorio\PICGraphics\Ellipse.c
                  __pa_17   0x003f56    program     static E:\c18v3.46\pic18-lt\cxx-framework\src\extended\stdclib\vfprintf.c
                  __pa_18   0x002cac    program     static C:\Documents and Settings\Pedro\Escritorio\PICGraphics\Line.c
                  __pa_18   0x003f62    program     static E:\c18v3.46\pic18-lt\cxx-framework\src\extended\stdclib\vfprintf.c
                  __pa_19   0x003f70    program     static E:\c18v3.46\pic18-lt\cxx-framework\src\extended\stdclib\vfprintf.c
                  __pa_19   0x002cc2    program     static C:\Documents and Settings\Pedro\Escritorio\PICGraphics\Line.c
                   __pa_2   0x002b44    program     static C:\Documents and Settings\Pedro\Escritorio\PICGraphics\Fill.c
                   __pa_2   0x003e6c    program     static E:\c18v3.46\pic18-lt\cxx-framework\src\extended\stdclib\vfprintf.c
                  __pa_20   0x003f7a    program     static E:\c18v3.46\pic18-lt\cxx-framework\src\extended\stdclib\vfprintf.c
                  __pa_20   0x002cd8    program     static C:\Documents and Settings\Pedro\Escritorio\PICGraphics\Poly.c
                  __pa_21   0x003f84    program     static E:\c18v3.46\pic18-lt\cxx-framework\src\extended\stdclib\vfprintf.c
                  __pa_21   0x002cee    program     static C:\Documents and Settings\Pedro\Escritorio\PICGraphics\Ellipse.c
                  __pa_22   0x003f8e    program     static E:\c18v3.46\pic18-lt\cxx-framework\src\extended\stdclib\vfprintf.c
                  __pa_22   0x002cfc    program     static C:\Documents and Settings\Pedro\Escritorio\PICGraphics\Ellipse.c
                  __pa_23   0x003f9c    program     static E:\c18v3.46\pic18-lt\cxx-framework\src\extended\stdclib\vfprintf.c
                  __pa_23   0x002d0a    program     static C:\Documents and Settings\Pedro\Escritorio\PICGraphics\Ellipse.c
                  __pa_24   0x002d1a    program     static C:\Documents and Settings\Pedro\Escritorio\PICGraphics\Ellipse.c
                  __pa_25   0x002d2a    program     static C:\Documents and Settings\Pedro\Escritorio\PICGraphics\Ellipse.c
                  __pa_26   0x002d3a    program     static C:\Documents and Settings\Pedro\Escritorio\PICGraphics\Ellipse.c
                  __pa_27   0x002d4a    program     static C:\Documents and Settings\Pedro\Escritorio\PICGraphics\SetPixel.c
                  __pa_28   0x002d58    program     static C:\Documents and Settings\Pedro\Escritorio\PICGraphics\Fill.c
                  __pa_29   0x002d6c    program     static C:\Documents and Settings\Pedro\Escritorio\PICGraphics\Ellipse.c
                   __pa_3   0x003e78    program     static E:\c18v3.46\pic18-lt\cxx-framework\src\extended\stdclib\vfprintf.c
                   __pa_3   0x002b56    program     static C:\Documents and Settings\Pedro\Escritorio\PICGraphics\Console.c
                  __pa_30   0x002d7e    program     static C:\Documents and Settings\Pedro\Escritorio\PICGraphics\Sprite.c
                  __pa_31   0x002d8a    program     static C:\Documents and Settings\Pedro\Escritorio\PICGraphics\Sprite.c
                  __pa_32   0x002d94    program     static C:\Documents and Settings\Pedro\Escritorio\PICGraphics\Ellipse.c
                  __pa_33   0x002da4    program     static C:\Documents and Settings\Pedro\Escritorio\PICGraphics\Line.c
                  __pa_34   0x002db4    program     static C:\Documents and Settings\Pedro\Escritorio\PICGraphics\Line.c
                  __pa_35   0x002dc4    program     static C:\Documents and Settings\Pedro\Escritorio\PICGraphics\SystemText.c
                  __pa_36   0x002dd4    program     static C:\Documents and Settings\Pedro\Escritorio\PICGraphics\Ellipse.c
                  __pa_37   0x002de2    program     static C:\Documents and Settings\Pedro\Escritorio\PICGraphics\Ellipse.c
                  __pa_38   0x002df0    program     static C:\Documents and Settings\Pedro\Escritorio\PICGraphics\Ellipse.c
                  __pa_39   0x002dfe    program     static C:\Documents and Settings\Pedro\Escritorio\PICGraphics\SetPixel.c
                   __pa_4   0x002b68    program     static C:\Documents and Settings\Pedro\Escritorio\PICGraphics\Clear.c
                   __pa_4   0x003e8c    program     static E:\c18v3.46\pic18-lt\cxx-framework\src\extended\stdclib\vfprintf.c
                  __pa_40   0x002e0c    program     static C:\Documents and Settings\Pedro\Escritorio\PICGraphics\Poly.c
                  __pa_41   0x002e1a    program     static C:\Documents and Settings\Pedro\Escritorio\PICGraphics\Poly.c
                  __pa_42   0x002e22    program     static C:\Documents and Settings\Pedro\Escritorio\PICGraphics\Ellipse.c
                  __pa_43   0x002e32    program     static C:\Documents and Settings\Pedro\Escritorio\PICGraphics\Ellipse.c
                  __pa_44   0x002e42    program     static C:\Documents and Settings\Pedro\Escritorio\PICGraphics\Fill.c
                  __pa_45   0x002e58    program     static C:\Documents and Settings\Pedro\Escritorio\PICGraphics\Ellipse.c
                  __pa_46   0x002e66    program     static C:\Documents and Settings\Pedro\Escritorio\PICGraphics\Ellipse.c
                  __pa_47   0x002e74    program     static C:\Documents and Settings\Pedro\Escritorio\PICGraphics\Ellipse.c
                  __pa_48   0x002e86    program     static C:\Documents and Settings\Pedro\Escritorio\PICGraphics\Ellipse.c
                  __pa_49   0x002e98    program     static C:\Documents and Settings\Pedro\Escritorio\PICGraphics\Ellipse.c
                   __pa_5   0x002b7a    program     static C:\Documents and Settings\Pedro\Escritorio\PICGraphics\Ellipse.c
                   __pa_5   0x003e9e    program     static E:\c18v3.46\pic18-lt\cxx-framework\src\extended\stdclib\vfprintf.c
                  __pa_50   0x002ea0    program     static C:\Documents and Settings\Pedro\Escritorio\PICGraphics\Console.c
                  __pa_51   0x002eaa    program     static C:\Documents and Settings\Pedro\Escritorio\PICGraphics\SetPixel.c
                  __pa_52   0x002eb0    program     static C:\Documents and Settings\Pedro\Escritorio\PICGraphics\Fill.c
                  __pa_53   0x002eb6    program     static C:\Documents and Settings\Pedro\Escritorio\PICGraphics\Sprite.c
                   __pa_6   0x003eae    program     static E:\c18v3.46\pic18-lt\cxx-framework\src\extended\stdclib\vfprintf.c
                   __pa_6   0x002b82    program     static C:\Documents and Settings\Pedro\Escritorio\PICGraphics\Fill.c
                   __pa_7   0x003ec0    program     static E:\c18v3.46\pic18-lt\cxx-framework\src\extended\stdclib\vfprintf.c
                   __pa_7   0x002b8c    program     static C:\Documents and Settings\Pedro\Escritorio\PICGraphics\Sprite.c
                   __pa_8   0x003ecc    program     static E:\c18v3.46\pic18-lt\cxx-framework\src\extended\stdclib\vfprintf.c
                   __pa_8   0x002b98    program     static C:\Documents and Settings\Pedro\Escritorio\PICGraphics\Line.c
                   __pa_9   0x003ede    program     static E:\c18v3.46\pic18-lt\cxx-framework\src\extended\stdclib\vfprintf.c
                   __pa_9   0x002bc4    program     static C:\Documents and Settings\Pedro\Escritorio\PICGraphics\Line.c
               __string_0   0x004a54    program     static C:\Baumanometro\main.c   
               __string_1   0x004a47    program     static C:\Baumanometro\main.c   
              __string_10   0x004996    program     static C:\Baumanometro\main.c   
              __string_11   0x004983    program     static C:\Baumanometro\main.c   
              __string_12   0x00496f    program     static C:\Baumanometro\main.c   
              __string_13   0x00495c    program     static C:\Baumanometro\main.c   
               __string_2   0x004a32    program     static C:\Baumanometro\main.c   
               __string_3   0x004a1f    program     static C:\Baumanometro\main.c   
               __string_4   0x004a0b    program     static C:\Baumanometro\main.c   
               __string_5   0x0049f7    program     static C:\Baumanometro\main.c   
               __string_6   0x0049e3    program     static C:\Baumanometro\main.c   
               __string_7   0x0049d0    program     static C:\Baumanometro\main.c   
               __string_8   0x0049bb    program     static C:\Baumanometro\main.c   
               __string_9   0x0049aa    program     static C:\Baumanometro\main.c   
                  __subFP   0x003484    program     extern E:\c18v3.46\pic18-lt\cxx-framework\src\extended\math\addFP.asm
               __tmplbl_5   0x002e1a    program     static                          
            __zero_memory   0x004e22    program     extern E:\c18v3.46\pic18-lt\cxx-framework\src\extended\proc\p18f4553.asm
                _do_cinit   0x004b68    program     extern C:\Baumanometro\startup.c
            _early16uexit   0x0035f0    program     extern E:\c18v3.46\pic18-lt\cxx-framework\src\extended\math\div16u.asm
            _early32uexit   0x003668    program     extern E:\c18v3.46\pic18-lt\cxx-framework\src\extended\math\div32u.asm
                   _entry   0x002000    program     extern C:\Baumanometro\startup.c
                   _false   0x0036ac    program     static E:\c18v3.46\pic18-lt\cxx-framework\src\extended\math\div32u.asm
                 _startup   0x004dc6    program     extern C:\Baumanometro\startup.c
              _usart_putc   0x004e42    program     extern E:\c18v3.46\pic18-lt\cxx-framework\src\pmc_common\USART\_usartpc.asm
               _user_putc   0x003fa2    program     extern C:\Baumanometro\main.c   
                compare_l   0x004e38    program     static E:\c18v3.46\pic18-lt\cxx-framework\src\extended\proc\p18f4553.asm
                copy_loop   0x004bda    program     static                          
            copy_one_byte   0x004be0    program     static                          
               delay_10us   0x004c5e    program     extern C:\Baumanometro\delay.c  
                 delay_ms   0x004c06    program     extern C:\Baumanometro\delay.c  
                divmod16u   0x0035f2    program     static E:\c18v3.46\pic18-lt\cxx-framework\src\extended\math\div16u.asm
                divmod32u   0x00366a    program     static E:\c18v3.46\pic18-lt\cxx-framework\src\extended\math\div32u.asm
                     done   0x004c04    program     static                          
             done_copying   0x004bee    program     static                          
                  endloop   0x003618    program     static E:\c18v3.46\pic18-lt\cxx-framework\src\extended\math\div16u.asm
   g_EspecialCharacterMap   0x004946    program     extern C:\Documents and Settings\Pedro\Escritorio\PICGraphics\SystemText.c
            g_LookUpPixel   0x004722    program     extern C:\Documents and Settings\Pedro\Escritorio\PICGraphics\AtWareGraphics.c
                  isdigit   0x004dfe    program     extern E:\c18v3.46\pic18-lt\cxx-framework\src\extended\stdclib\isdigit.asm
                 jANotInf   0x0034ca    program     static E:\c18v3.46\pic18-lt\cxx-framework\src\extended\math\addFP.asm
                 jANotInf   0x0033c8    program     static E:\c18v3.46\pic18-lt\cxx-framework\src\extended\math\mulFP.asm
                 jANotNeg   0x00355e    program     static E:\c18v3.46\pic18-lt\cxx-framework\src\extended\math\addFP.asm
              jAandWsetup   0x00352e    program     static E:\c18v3.46\pic18-lt\cxx-framework\src\extended\math\addFP.asm
                  jAisNeg   0x003286    program     static E:\c18v3.46\pic18-lt\cxx-framework\src\extended\math\compFP.asm
                 jAltBexp   0x00351c    program     static E:\c18v3.46\pic18-lt\cxx-framework\src\extended\math\addFP.asm
                jBANotInf   0x0034c0    program     static E:\c18v3.46\pic18-lt\cxx-framework\src\extended\math\addFP.asm
                 jBNotInf   0x0034d8    program     static E:\c18v3.46\pic18-lt\cxx-framework\src\extended\math\addFP.asm
                     jBeg   0x002ec2    program     static E:\c18v3.46\pic18-lt\cxx-framework\src\extended\math\cast16FP.asm
                     jBeg   0x00348a    program     static E:\c18v3.46\pic18-lt\cxx-framework\src\extended\math\addFP.asm
              jBothFinite   0x0033d6    program     static E:\c18v3.46\pic18-lt\cxx-framework\src\extended\math\mulFP.asm
             jBothNotZero   0x003228    program     static E:\c18v3.46\pic18-lt\cxx-framework\src\extended\math\compFP.asm
             jBothNotZero   0x0033e2    program     static E:\c18v3.46\pic18-lt\cxx-framework\src\extended\math\mulFP.asm
            jDifOrPosSign   0x0034ec    program     static E:\c18v3.46\pic18-lt\cxx-framework\src\extended\math\addFP.asm
              jDivANotInf   0x00315c    program     static E:\c18v3.46\pic18-lt\cxx-framework\src\extended\math\divFP.asm
             jDivANotZero   0x003170    program     static E:\c18v3.46\pic18-lt\cxx-framework\src\extended\math\divFP.asm
                 jDivLoop   0x003198    program     static E:\c18v3.46\pic18-lt\cxx-framework\src\extended\math\divFP.asm
                 jDivNext   0x0031be    program     static E:\c18v3.46\pic18-lt\cxx-framework\src\extended\math\divFP.asm
                    jDone   0x003028    program     static E:\c18v3.46\pic18-lt\cxx-framework\src\extended\math\castFP16.asm
                      jEQ   0x003244    program     static E:\c18v3.46\pic18-lt\cxx-framework\src\extended\math\compFP.asm
                     jEnd   0x004cb0    program     static E:\c18v3.46\pic18-lt\cxx-framework\src\extended\stdclib\strlen.asm
                     jEnd   0x004ce8    program     static E:\c18v3.46\pic18-lt\cxx-framework\src\extended\stdclib\slenpgm.asm
                    jExch   0x003250    program     static E:\c18v3.46\pic18-lt\cxx-framework\src\extended\math\compFP.asm
                    jExit   0x0032b4    program     static E:\c18v3.46\pic18-lt\cxx-framework\src\extended\math\compFP.asm
                    jExit   0x002f72    program     static E:\c18v3.46\pic18-lt\cxx-framework\src\extended\math\packFP.asm
                    jExit   0x003030    program     static E:\c18v3.46\pic18-lt\cxx-framework\src\extended\math\castFP16.asm
                   jExpEQ   0x003296    program     static E:\c18v3.46\pic18-lt\cxx-framework\src\extended\math\compFP.asm
                   jFinal   0x00327a    program     static E:\c18v3.46\pic18-lt\cxx-framework\src\extended\math\compFP.asm
               jFinalSign   0x0035c6    program     static E:\c18v3.46\pic18-lt\cxx-framework\src\extended\math\addFP.asm
                jHaveZero   0x0033de    program     static E:\c18v3.46\pic18-lt\cxx-framework\src\extended\math\mulFP.asm
                    jLoop   0x004cd0    program     static E:\c18v3.46\pic18-lt\cxx-framework\src\extended\stdclib\slenpgm.asm
                    jLoop   0x004ca6    program     static E:\c18v3.46\pic18-lt\cxx-framework\src\extended\stdclib\strlen.asm
                    jLoop   0x003008    program     static E:\c18v3.46\pic18-lt\cxx-framework\src\extended\math\castFP16.asm
                jLoopExit   0x003018    program     static E:\c18v3.46\pic18-lt\cxx-framework\src\extended\math\castFP16.asm
                   jMatch   0x004e1e    program     static E:\c18v3.46\pic18-lt\cxx-framework\src\extended\stdclib\isdigit.asm
                     jMax   0x002fdc    program     static E:\c18v3.46\pic18-lt\cxx-framework\src\extended\math\castFP16.asm
                  jMaxNeg   0x002fea    program     static E:\c18v3.46\pic18-lt\cxx-framework\src\extended\math\castFP16.asm
                  jMaxPos   0x002fe0    program     static E:\c18v3.46\pic18-lt\cxx-framework\src\extended\math\castFP16.asm
                      jNE   0x003248    program     static E:\c18v3.46\pic18-lt\cxx-framework\src\extended\math\compFP.asm
                jNoAdjust   0x0031bc    program     static E:\c18v3.46\pic18-lt\cxx-framework\src\extended\math\divFP.asm
                  jNoExch   0x003270    program     static E:\c18v3.46\pic18-lt\cxx-framework\src\extended\math\compFP.asm
                 jNoMatch   0x004e20    program     static E:\c18v3.46\pic18-lt\cxx-framework\src\extended\stdclib\isdigit.asm
             jNotBothZero   0x0034f0    program     static E:\c18v3.46\pic18-lt\cxx-framework\src\extended\math\addFP.asm
                  jNotInf   0x002ff8    program     static E:\c18v3.46\pic18-lt\cxx-framework\src\extended\math\castFP16.asm
                  jNotNeg   0x002ee8    program     static E:\c18v3.46\pic18-lt\cxx-framework\src\extended\math\cast16FP.asm
                  jPkLoop   0x002f0c    program     static E:\c18v3.46\pic18-lt\cxx-framework\src\extended\math\packFP.asm
             jPkRoundDone   0x002f56    program     static E:\c18v3.46\pic18-lt\cxx-framework\src\extended\math\packFP.asm
               jPkRoundIt   0x002f3e    program     static E:\c18v3.46\pic18-lt\cxx-framework\src\extended\math\packFP.asm
             jPkShiftDone   0x002f28    program     static E:\c18v3.46\pic18-lt\cxx-framework\src\extended\math\packFP.asm
           jReturnPosInf0   0x002f9c    program     static E:\c18v3.46\pic18-lt\cxx-framework\src\extended\math\packFP.asm
                  jRotate   0x0032a2    program     static E:\c18v3.46\pic18-lt\cxx-framework\src\extended\math\compFP.asm
                   jShift   0x00328c    program     static E:\c18v3.46\pic18-lt\cxx-framework\src\extended\math\compFP.asm
               jShiftDone   0x003586    program     static E:\c18v3.46\pic18-lt\cxx-framework\src\extended\math\addFP.asm
               jShiftLoop   0x003578    program     static E:\c18v3.46\pic18-lt\cxx-framework\src\extended\math\addFP.asm
                jSignDone   0x0035b6    program     static E:\c18v3.46\pic18-lt\cxx-framework\src\extended\math\addFP.asm
                 jSignsEQ   0x00322c    program     static E:\c18v3.46\pic18-lt\cxx-framework\src\extended\math\compFP.asm
                  jUnpkA1   0x003048    program     static E:\c18v3.46\pic18-lt\cxx-framework\src\extended\math\unpackFP.asm
                  jUnpkA2   0x003060    program     static E:\c18v3.46\pic18-lt\cxx-framework\src\extended\math\unpackFP.asm
                 jUnpkANZ   0x003056    program     static E:\c18v3.46\pic18-lt\cxx-framework\src\extended\math\unpackFP.asm
                  jUnpkB1   0x003078    program     static E:\c18v3.46\pic18-lt\cxx-framework\src\extended\math\unpackFP.asm
                  jUnpkB2   0x003090    program     static E:\c18v3.46\pic18-lt\cxx-framework\src\extended\math\unpackFP.asm
                 jUnpkBNZ   0x003086    program     static E:\c18v3.46\pic18-lt\cxx-framework\src\extended\math\unpackFP.asm
                 jUnpkNaN   0x00306a    program     static E:\c18v3.46\pic18-lt\cxx-framework\src\extended\math\unpackFP.asm
                 jWNotNeg   0x003572    program     static E:\c18v3.46\pic18-lt\cxx-framework\src\extended\math\addFP.asm
                    jZero   0x002ff2    program     static E:\c18v3.46\pic18-lt\cxx-framework\src\extended\math\castFP16.asm
               jZero1and2   0x002fa0    program     static E:\c18v3.46\pic18-lt\cxx-framework\src\extended\math\packFP.asm
                     loop   0x003678    program     static E:\c18v3.46\pic18-lt\cxx-framework\src\extended\math\div32u.asm
                     loop   0x004e52    program     static E:\c18v3.46\pic18-lt\cxx-framework\src\pmc_common\USART\_usartpc.asm
                     loop   0x0035fc    program     static E:\c18v3.46\pic18-lt\cxx-framework\src\extended\math\div16u.asm
                   loop_h   0x004e30    program     static E:\c18v3.46\pic18-lt\cxx-framework\src\extended\proc\p18f4553.asm
                   loop_l   0x004e3a    program     static E:\c18v3.46\pic18-lt\cxx-framework\src\extended\proc\p18f4553.asm
                     main   0x00418a    program     extern C:\Baumanometro\main.c   
                   printf   0x004d62    program     extern E:\c18v3.46\pic18-lt\cxx-framework\src\extended\stdclib\printf.c
                     putc   0x004cfc    program     extern E:\c18v3.46\pic18-lt\cxx-framework\src\extended\stdclib\putc.c
                 s_digits   0x004e5e    program     static E:\c18v3.46\pic18-lt\cxx-framework\src\extended\stdclib\vfprintf.c
            s_put_n_chars   0x00378c    program     static E:\c18v3.46\pic18-lt\cxx-framework\src\extended\stdclib\vfprintf.c
                   strlen   0x004c96    program     extern E:\c18v3.46\pic18-lt\cxx-framework\src\extended\stdclib\strlen.asm
                strlenpgm   0x004cb2    program     extern E:\c18v3.46\pic18-lt\cxx-framework\src\extended\stdclib\slenpgm.asm
                     test   0x004b82    program     static                          
                 vfprintf   0x0037be    program     extern E:\c18v3.46\pic18-lt\cxx-framework\src\extended\stdclib\vfprintf.c
               zero_block   0x004e30    program     static E:\c18v3.46\pic18-lt\cxx-framework\src\extended\proc\p18f4553.asm
                   ADCON0   0x000fc2       data     extern E:\c18v3.46\pic18-lt\cxx-framework\src\extended\proc\p18f4553.asm
               ADCON0bits   0x000fc2       data     extern E:\c18v3.46\pic18-lt\cxx-framework\src\extended\proc\p18f4553.asm
                   ADCON1   0x000fc1       data     extern E:\c18v3.46\pic18-lt\cxx-framework\src\extended\proc\p18f4553.asm
               ADCON1bits   0x000fc1       data     extern E:\c18v3.46\pic18-lt\cxx-framework\src\extended\proc\p18f4553.asm
                   ADCON2   0x000fc0       data     extern E:\c18v3.46\pic18-lt\cxx-framework\src\extended\proc\p18f4553.asm
               ADCON2bits   0x000fc0       data     extern E:\c18v3.46\pic18-lt\cxx-framework\src\extended\proc\p18f4553.asm
                    ADRES   0x000fc3       data     extern E:\c18v3.46\pic18-lt\cxx-framework\src\extended\proc\p18f4553.asm
                   ADRESH   0x000fc4       data     extern E:\c18v3.46\pic18-lt\cxx-framework\src\extended\proc\p18f4553.asm
                   ADRESL   0x000fc3       data     extern E:\c18v3.46\pic18-lt\cxx-framework\src\extended\proc\p18f4553.asm
                  BAUDCON   0x000fb8       data     extern E:\c18v3.46\pic18-lt\cxx-framework\src\extended\proc\p18f4553.asm
              BAUDCONbits   0x000fb8       data     extern E:\c18v3.46\pic18-lt\cxx-framework\src\extended\proc\p18f4553.asm
                  BAUDCTL   0x000fb8       data     extern E:\c18v3.46\pic18-lt\cxx-framework\src\extended\proc\p18f4553.asm
              BAUDCTLbits   0x000fb8       data     extern E:\c18v3.46\pic18-lt\cxx-framework\src\extended\proc\p18f4553.asm
                      BSR   0x000fe0       data     extern E:\c18v3.46\pic18-lt\cxx-framework\src\extended\proc\p18f4553.asm
                   CCP1AS   0x000fb6       data     extern E:\c18v3.46\pic18-lt\cxx-framework\src\extended\proc\p18f4553.asm
               CCP1ASbits   0x000fb6       data     extern E:\c18v3.46\pic18-lt\cxx-framework\src\extended\proc\p18f4553.asm
                  CCP1CON   0x000fbd       data     extern E:\c18v3.46\pic18-lt\cxx-framework\src\extended\proc\p18f4553.asm
              CCP1CONbits   0x000fbd       data     extern E:\c18v3.46\pic18-lt\cxx-framework\src\extended\proc\p18f4553.asm
                  CCP1DEL   0x000fb7       data     extern E:\c18v3.46\pic18-lt\cxx-framework\src\extended\proc\p18f4553.asm
              CCP1DELbits   0x000fb7       data     extern E:\c18v3.46\pic18-lt\cxx-framework\src\extended\proc\p18f4553.asm
                  CCP2CON   0x000fba       data     extern E:\c18v3.46\pic18-lt\cxx-framework\src\extended\proc\p18f4553.asm
              CCP2CONbits   0x000fba       data     extern E:\c18v3.46\pic18-lt\cxx-framework\src\extended\proc\p18f4553.asm
                    CCPR1   0x000fbe       data     extern E:\c18v3.46\pic18-lt\cxx-framework\src\extended\proc\p18f4553.asm
                   CCPR1H   0x000fbf       data     extern E:\c18v3.46\pic18-lt\cxx-framework\src\extended\proc\p18f4553.asm
                   CCPR1L   0x000fbe       data     extern E:\c18v3.46\pic18-lt\cxx-framework\src\extended\proc\p18f4553.asm
                    CCPR2   0x000fbb       data     extern E:\c18v3.46\pic18-lt\cxx-framework\src\extended\proc\p18f4553.asm
                   CCPR2H   0x000fbc       data     extern E:\c18v3.46\pic18-lt\cxx-framework\src\extended\proc\p18f4553.asm
                   CCPR2L   0x000fbb       data     extern E:\c18v3.46\pic18-lt\cxx-framework\src\extended\proc\p18f4553.asm
                    CMCON   0x000fb4       data     extern E:\c18v3.46\pic18-lt\cxx-framework\src\extended\proc\p18f4553.asm
                CMCONbits   0x000fb4       data     extern E:\c18v3.46\pic18-lt\cxx-framework\src\extended\proc\p18f4553.asm
                   CVRCON   0x000fb5       data     extern E:\c18v3.46\pic18-lt\cxx-framework\src\extended\proc\p18f4553.asm
               CVRCONbits   0x000fb5       data     extern E:\c18v3.46\pic18-lt\cxx-framework\src\extended\proc\p18f4553.asm
                     DDRA   0x000f92       data     extern E:\c18v3.46\pic18-lt\cxx-framework\src\extended\proc\p18f4553.asm
                 DDRAbits   0x000f92       data     extern E:\c18v3.46\pic18-lt\cxx-framework\src\extended\proc\p18f4553.asm
                     DDRB   0x000f93       data     extern E:\c18v3.46\pic18-lt\cxx-framework\src\extended\proc\p18f4553.asm
                 DDRBbits   0x000f93       data     extern E:\c18v3.46\pic18-lt\cxx-framework\src\extended\proc\p18f4553.asm
                     DDRC   0x000f94       data     extern E:\c18v3.46\pic18-lt\cxx-framework\src\extended\proc\p18f4553.asm
                 DDRCbits   0x000f94       data     extern E:\c18v3.46\pic18-lt\cxx-framework\src\extended\proc\p18f4553.asm
                     DDRD   0x000f95       data     extern E:\c18v3.46\pic18-lt\cxx-framework\src\extended\proc\p18f4553.asm
                 DDRDbits   0x000f95       data     extern E:\c18v3.46\pic18-lt\cxx-framework\src\extended\proc\p18f4553.asm
                     DDRE   0x000f96       data     extern E:\c18v3.46\pic18-lt\cxx-framework\src\extended\proc\p18f4553.asm
                 DDREbits   0x000f96       data     extern E:\c18v3.46\pic18-lt\cxx-framework\src\extended\proc\p18f4553.asm
                  ECCP1AS   0x000fb6       data     extern E:\c18v3.46\pic18-lt\cxx-framework\src\extended\proc\p18f4553.asm
              ECCP1ASbits   0x000fb6       data     extern E:\c18v3.46\pic18-lt\cxx-framework\src\extended\proc\p18f4553.asm
                 ECCP1CON   0x000fbd       data     extern E:\c18v3.46\pic18-lt\cxx-framework\src\extended\proc\p18f4553.asm
             ECCP1CONbits   0x000fbd       data     extern E:\c18v3.46\pic18-lt\cxx-framework\src\extended\proc\p18f4553.asm
                 ECCP1DEL   0x000fb7       data     extern E:\c18v3.46\pic18-lt\cxx-framework\src\extended\proc\p18f4553.asm
             ECCP1DELbits   0x000fb7       data     extern E:\c18v3.46\pic18-lt\cxx-framework\src\extended\proc\p18f4553.asm
                    EEADR   0x000fa9       data     extern E:\c18v3.46\pic18-lt\cxx-framework\src\extended\proc\p18f4553.asm
                   EECON1   0x000fa6       data     extern E:\c18v3.46\pic18-lt\cxx-framework\src\extended\proc\p18f4553.asm
               EECON1bits   0x000fa6       data     extern E:\c18v3.46\pic18-lt\cxx-framework\src\extended\proc\p18f4553.asm
                   EECON2   0x000fa7       data     extern E:\c18v3.46\pic18-lt\cxx-framework\src\extended\proc\p18f4553.asm
                   EEDATA   0x000fa8       data     extern E:\c18v3.46\pic18-lt\cxx-framework\src\extended\proc\p18f4553.asm
                     FSR0   0x000fe9       data     extern E:\c18v3.46\pic18-lt\cxx-framework\src\extended\proc\p18f4553.asm
                    FSR0H   0x000fea       data     extern E:\c18v3.46\pic18-lt\cxx-framework\src\extended\proc\p18f4553.asm
                    FSR0L   0x000fe9       data     extern E:\c18v3.46\pic18-lt\cxx-framework\src\extended\proc\p18f4553.asm
                     FSR1   0x000fe1       data     extern E:\c18v3.46\pic18-lt\cxx-framework\src\extended\proc\p18f4553.asm
                    FSR1H   0x000fe2       data     extern E:\c18v3.46\pic18-lt\cxx-framework\src\extended\proc\p18f4553.asm
                    FSR1L   0x000fe1       data     extern E:\c18v3.46\pic18-lt\cxx-framework\src\extended\proc\p18f4553.asm
                     FSR2   0x000fd9       data     extern E:\c18v3.46\pic18-lt\cxx-framework\src\extended\proc\p18f4553.asm
                    FSR2H   0x000fda       data     extern E:\c18v3.46\pic18-lt\cxx-framework\src\extended\proc\p18f4553.asm
                    FSR2L   0x000fd9       data     extern E:\c18v3.46\pic18-lt\cxx-framework\src\extended\proc\p18f4553.asm
                  HLVDCON   0x000fd2       data     extern E:\c18v3.46\pic18-lt\cxx-framework\src\extended\proc\p18f4553.asm
              HLVDCONbits   0x000fd2       data     extern E:\c18v3.46\pic18-lt\cxx-framework\src\extended\proc\p18f4553.asm
                    INDF0   0x000fef       data     extern E:\c18v3.46\pic18-lt\cxx-framework\src\extended\proc\p18f4553.asm
                    INDF1   0x000fe7       data     extern E:\c18v3.46\pic18-lt\cxx-framework\src\extended\proc\p18f4553.asm
                    INDF2   0x000fdf       data     extern E:\c18v3.46\pic18-lt\cxx-framework\src\extended\proc\p18f4553.asm
                   INTCON   0x000ff2       data     extern E:\c18v3.46\pic18-lt\cxx-framework\src\extended\proc\p18f4553.asm
                  INTCON2   0x000ff1       data     extern E:\c18v3.46\pic18-lt\cxx-framework\src\extended\proc\p18f4553.asm
              INTCON2bits   0x000ff1       data     extern E:\c18v3.46\pic18-lt\cxx-framework\src\extended\proc\p18f4553.asm
                  INTCON3   0x000ff0       data     extern E:\c18v3.46\pic18-lt\cxx-framework\src\extended\proc\p18f4553.asm
              INTCON3bits   0x000ff0       data     extern E:\c18v3.46\pic18-lt\cxx-framework\src\extended\proc\p18f4553.asm
               INTCONbits   0x000ff2       data     extern E:\c18v3.46\pic18-lt\cxx-framework\src\extended\proc\p18f4553.asm
                     IPR1   0x000f9f       data     extern E:\c18v3.46\pic18-lt\cxx-framework\src\extended\proc\p18f4553.asm
                 IPR1bits   0x000f9f       data     extern E:\c18v3.46\pic18-lt\cxx-framework\src\extended\proc\p18f4553.asm
                     IPR2   0x000fa2       data     extern E:\c18v3.46\pic18-lt\cxx-framework\src\extended\proc\p18f4553.asm
                 IPR2bits   0x000fa2       data     extern E:\c18v3.46\pic18-lt\cxx-framework\src\extended\proc\p18f4553.asm
                     LATA   0x000f89       data     extern E:\c18v3.46\pic18-lt\cxx-framework\src\extended\proc\p18f4553.asm
                 LATAbits   0x000f89       data     extern E:\c18v3.46\pic18-lt\cxx-framework\src\extended\proc\p18f4553.asm
                     LATB   0x000f8a       data     extern E:\c18v3.46\pic18-lt\cxx-framework\src\extended\proc\p18f4553.asm
                 LATBbits   0x000f8a       data     extern E:\c18v3.46\pic18-lt\cxx-framework\src\extended\proc\p18f4553.asm
                     LATC   0x000f8b       data     extern E:\c18v3.46\pic18-lt\cxx-framework\src\extended\proc\p18f4553.asm
                 LATCbits   0x000f8b       data     extern E:\c18v3.46\pic18-lt\cxx-framework\src\extended\proc\p18f4553.asm
                     LATD   0x000f8c       data     extern E:\c18v3.46\pic18-lt\cxx-framework\src\extended\proc\p18f4553.asm
                 LATDbits   0x000f8c       data     extern E:\c18v3.46\pic18-lt\cxx-framework\src\extended\proc\p18f4553.asm
                     LATE   0x000f8d       data     extern E:\c18v3.46\pic18-lt\cxx-framework\src\extended\proc\p18f4553.asm
                 LATEbits   0x000f8d       data     extern E:\c18v3.46\pic18-lt\cxx-framework\src\extended\proc\p18f4553.asm
                   LVDCON   0x000fd2       data     extern E:\c18v3.46\pic18-lt\cxx-framework\src\extended\proc\p18f4553.asm
               LVDCONbits   0x000fd2       data     extern E:\c18v3.46\pic18-lt\cxx-framework\src\extended\proc\p18f4553.asm
                   OSCCON   0x000fd3       data     extern E:\c18v3.46\pic18-lt\cxx-framework\src\extended\proc\p18f4553.asm
               OSCCONbits   0x000fd3       data     extern E:\c18v3.46\pic18-lt\cxx-framework\src\extended\proc\p18f4553.asm
                  OSCTUNE   0x000f9b       data     extern E:\c18v3.46\pic18-lt\cxx-framework\src\extended\proc\p18f4553.asm
              OSCTUNEbits   0x000f9b       data     extern E:\c18v3.46\pic18-lt\cxx-framework\src\extended\proc\p18f4553.asm
                       PC   0x000ff9       data     extern E:\c18v3.46\pic18-lt\cxx-framework\src\extended\proc\p18f4553.asm
                      PCL   0x000ff9       data     extern E:\c18v3.46\pic18-lt\cxx-framework\src\extended\proc\p18f4553.asm
                   PCLATH   0x000ffa       data     extern E:\c18v3.46\pic18-lt\cxx-framework\src\extended\proc\p18f4553.asm
                   PCLATU   0x000ffb       data     extern E:\c18v3.46\pic18-lt\cxx-framework\src\extended\proc\p18f4553.asm
                     PIE1   0x000f9d       data     extern E:\c18v3.46\pic18-lt\cxx-framework\src\extended\proc\p18f4553.asm
                 PIE1bits   0x000f9d       data     extern E:\c18v3.46\pic18-lt\cxx-framework\src\extended\proc\p18f4553.asm
                     PIE2   0x000fa0       data     extern E:\c18v3.46\pic18-lt\cxx-framework\src\extended\proc\p18f4553.asm
                 PIE2bits   0x000fa0       data     extern E:\c18v3.46\pic18-lt\cxx-framework\src\extended\proc\p18f4553.asm
                     PIR1   0x000f9e       data     extern E:\c18v3.46\pic18-lt\cxx-framework\src\extended\proc\p18f4553.asm
                 PIR1bits   0x000f9e       data     extern E:\c18v3.46\pic18-lt\cxx-framework\src\extended\proc\p18f4553.asm
                     PIR2   0x000fa1       data     extern E:\c18v3.46\pic18-lt\cxx-framework\src\extended\proc\p18f4553.asm
                 PIR2bits   0x000fa1       data     extern E:\c18v3.46\pic18-lt\cxx-framework\src\extended\proc\p18f4553.asm
                   PLUSW0   0x000feb       data     extern E:\c18v3.46\pic18-lt\cxx-framework\src\extended\proc\p18f4553.asm
                   PLUSW1   0x000fe3       data     extern E:\c18v3.46\pic18-lt\cxx-framework\src\extended\proc\p18f4553.asm
                   PLUSW2   0x000fdb       data     extern E:\c18v3.46\pic18-lt\cxx-framework\src\extended\proc\p18f4553.asm
                    PORTA   0x000f80       data     extern E:\c18v3.46\pic18-lt\cxx-framework\src\extended\proc\p18f4553.asm
                PORTAbits   0x000f80       data     extern E:\c18v3.46\pic18-lt\cxx-framework\src\extended\proc\p18f4553.asm
                    PORTB   0x000f81       data     extern E:\c18v3.46\pic18-lt\cxx-framework\src\extended\proc\p18f4553.asm
                PORTBbits   0x000f81       data     extern E:\c18v3.46\pic18-lt\cxx-framework\src\extended\proc\p18f4553.asm
                    PORTC   0x000f82       data     extern E:\c18v3.46\pic18-lt\cxx-framework\src\extended\proc\p18f4553.asm
                PORTCbits   0x000f82       data     extern E:\c18v3.46\pic18-lt\cxx-framework\src\extended\proc\p18f4553.asm
                    PORTD   0x000f83       data     extern E:\c18v3.46\pic18-lt\cxx-framework\src\extended\proc\p18f4553.asm
                PORTDbits   0x000f83       data     extern E:\c18v3.46\pic18-lt\cxx-framework\src\extended\proc\p18f4553.asm
                    PORTE   0x000f84       data     extern E:\c18v3.46\pic18-lt\cxx-framework\src\extended\proc\p18f4553.asm
                PORTEbits   0x000f84       data     extern E:\c18v3.46\pic18-lt\cxx-framework\src\extended\proc\p18f4553.asm
                 POSTDEC0   0x000fed       data     extern E:\c18v3.46\pic18-lt\cxx-framework\src\extended\proc\p18f4553.asm
                 POSTDEC1   0x000fe5       data     extern E:\c18v3.46\pic18-lt\cxx-framework\src\extended\proc\p18f4553.asm
                 POSTDEC2   0x000fdd       data     extern E:\c18v3.46\pic18-lt\cxx-framework\src\extended\proc\p18f4553.asm
                 POSTINC0   0x000fee       data     extern E:\c18v3.46\pic18-lt\cxx-framework\src\extended\proc\p18f4553.asm
                 POSTINC1   0x000fe6       data     extern E:\c18v3.46\pic18-lt\cxx-framework\src\extended\proc\p18f4553.asm
                 POSTINC2   0x000fde       data     extern E:\c18v3.46\pic18-lt\cxx-framework\src\extended\proc\p18f4553.asm
                      PR2   0x000fcb       data     extern E:\c18v3.46\pic18-lt\cxx-framework\src\extended\proc\p18f4553.asm
                  PREINC0   0x000fec       data     extern E:\c18v3.46\pic18-lt\cxx-framework\src\extended\proc\p18f4553.asm
                  PREINC1   0x000fe4       data     extern E:\c18v3.46\pic18-lt\cxx-framework\src\extended\proc\p18f4553.asm
                  PREINC2   0x000fdc       data     extern E:\c18v3.46\pic18-lt\cxx-framework\src\extended\proc\p18f4553.asm
                     PROD   0x000ff3       data     extern E:\c18v3.46\pic18-lt\cxx-framework\src\extended\proc\p18f4553.asm
                    PRODH   0x000ff4       data     extern E:\c18v3.46\pic18-lt\cxx-framework\src\extended\proc\p18f4553.asm
                    PRODL   0x000ff3       data     extern E:\c18v3.46\pic18-lt\cxx-framework\src\extended\proc\p18f4553.asm
                     RCON   0x000fd0       data     extern E:\c18v3.46\pic18-lt\cxx-framework\src\extended\proc\p18f4553.asm
                 RCONbits   0x000fd0       data     extern E:\c18v3.46\pic18-lt\cxx-framework\src\extended\proc\p18f4553.asm
                    RCREG   0x000fae       data     extern E:\c18v3.46\pic18-lt\cxx-framework\src\extended\proc\p18f4553.asm
                    RCSTA   0x000fab       data     extern E:\c18v3.46\pic18-lt\cxx-framework\src\extended\proc\p18f4553.asm
                RCSTAbits   0x000fab       data     extern E:\c18v3.46\pic18-lt\cxx-framework\src\extended\proc\p18f4553.asm
                    SPBRG   0x000faf       data     extern E:\c18v3.46\pic18-lt\cxx-framework\src\extended\proc\p18f4553.asm
                   SPBRGH   0x000fb0       data     extern E:\c18v3.46\pic18-lt\cxx-framework\src\extended\proc\p18f4553.asm
                   SPPCFG   0x000f63       data     extern E:\c18v3.46\pic18-lt\cxx-framework\src\extended\proc\p18f4553.asm
               SPPCFGbits   0x000f63       data     extern E:\c18v3.46\pic18-lt\cxx-framework\src\extended\proc\p18f4553.asm
                   SPPCON   0x000f65       data     extern E:\c18v3.46\pic18-lt\cxx-framework\src\extended\proc\p18f4553.asm
               SPPCONbits   0x000f65       data     extern E:\c18v3.46\pic18-lt\cxx-framework\src\extended\proc\p18f4553.asm
                  SPPDATA   0x000f62       data     extern E:\c18v3.46\pic18-lt\cxx-framework\src\extended\proc\p18f4553.asm
                   SPPEPS   0x000f64       data     extern E:\c18v3.46\pic18-lt\cxx-framework\src\extended\proc\p18f4553.asm
               SPPEPSbits   0x000f64       data     extern E:\c18v3.46\pic18-lt\cxx-framework\src\extended\proc\p18f4553.asm
                   SSPADD   0x000fc8       data     extern E:\c18v3.46\pic18-lt\cxx-framework\src\extended\proc\p18f4553.asm
                   SSPBUF   0x000fc9       data     extern E:\c18v3.46\pic18-lt\cxx-framework\src\extended\proc\p18f4553.asm
                  SSPCON1   0x000fc6       data     extern E:\c18v3.46\pic18-lt\cxx-framework\src\extended\proc\p18f4553.asm
              SSPCON1bits   0x000fc6       data     extern E:\c18v3.46\pic18-lt\cxx-framework\src\extended\proc\p18f4553.asm
                  SSPCON2   0x000fc5       data     extern E:\c18v3.46\pic18-lt\cxx-framework\src\extended\proc\p18f4553.asm
              SSPCON2bits   0x000fc5       data     extern E:\c18v3.46\pic18-lt\cxx-framework\src\extended\proc\p18f4553.asm
                  SSPSTAT   0x000fc7       data     extern E:\c18v3.46\pic18-lt\cxx-framework\src\extended\proc\p18f4553.asm
              SSPSTATbits   0x000fc7       data     extern E:\c18v3.46\pic18-lt\cxx-framework\src\extended\proc\p18f4553.asm
                   STATUS   0x000fd8       data     extern E:\c18v3.46\pic18-lt\cxx-framework\src\extended\proc\p18f4553.asm
               STATUSbits   0x000fd8       data     extern E:\c18v3.46\pic18-lt\cxx-framework\src\extended\proc\p18f4553.asm
                   STKPTR   0x000ffc       data     extern E:\c18v3.46\pic18-lt\cxx-framework\src\extended\proc\p18f4553.asm
               STKPTRbits   0x000ffc       data     extern E:\c18v3.46\pic18-lt\cxx-framework\src\extended\proc\p18f4553.asm
                    T0CON   0x000fd5       data     extern E:\c18v3.46\pic18-lt\cxx-framework\src\extended\proc\p18f4553.asm
                T0CONbits   0x000fd5       data     extern E:\c18v3.46\pic18-lt\cxx-framework\src\extended\proc\p18f4553.asm
                    T1CON   0x000fcd       data     extern E:\c18v3.46\pic18-lt\cxx-framework\src\extended\proc\p18f4553.asm
                T1CONbits   0x000fcd       data     extern E:\c18v3.46\pic18-lt\cxx-framework\src\extended\proc\p18f4553.asm
                    T2CON   0x000fca       data     extern E:\c18v3.46\pic18-lt\cxx-framework\src\extended\proc\p18f4553.asm
                T2CONbits   0x000fca       data     extern E:\c18v3.46\pic18-lt\cxx-framework\src\extended\proc\p18f4553.asm
                    T3CON   0x000fb1       data     extern E:\c18v3.46\pic18-lt\cxx-framework\src\extended\proc\p18f4553.asm
                T3CONbits   0x000fb1       data     extern E:\c18v3.46\pic18-lt\cxx-framework\src\extended\proc\p18f4553.asm
                   TABLAT   0x000ff5       data     extern E:\c18v3.46\pic18-lt\cxx-framework\src\extended\proc\p18f4553.asm
                   TBLPTR   0x000ff6       data     extern E:\c18v3.46\pic18-lt\cxx-framework\src\extended\proc\p18f4553.asm
                  TBLPTRH   0x000ff7       data     extern E:\c18v3.46\pic18-lt\cxx-framework\src\extended\proc\p18f4553.asm
                  TBLPTRL   0x000ff6       data     extern E:\c18v3.46\pic18-lt\cxx-framework\src\extended\proc\p18f4553.asm
                  TBLPTRU   0x000ff8       data     extern E:\c18v3.46\pic18-lt\cxx-framework\src\extended\proc\p18f4553.asm
                    TMR0H   0x000fd7       data     extern E:\c18v3.46\pic18-lt\cxx-framework\src\extended\proc\p18f4553.asm
                    TMR0L   0x000fd6       data     extern E:\c18v3.46\pic18-lt\cxx-framework\src\extended\proc\p18f4553.asm
                    TMR1H   0x000fcf       data     extern E:\c18v3.46\pic18-lt\cxx-framework\src\extended\proc\p18f4553.asm
                    TMR1L   0x000fce       data     extern E:\c18v3.46\pic18-lt\cxx-framework\src\extended\proc\p18f4553.asm
                     TMR2   0x000fcc       data     extern E:\c18v3.46\pic18-lt\cxx-framework\src\extended\proc\p18f4553.asm
                    TMR3H   0x000fb3       data     extern E:\c18v3.46\pic18-lt\cxx-framework\src\extended\proc\p18f4553.asm
                    TMR3L   0x000fb2       data     extern E:\c18v3.46\pic18-lt\cxx-framework\src\extended\proc\p18f4553.asm
                      TOS   0x000ffd       data     extern E:\c18v3.46\pic18-lt\cxx-framework\src\extended\proc\p18f4553.asm
                     TOSH   0x000ffe       data     extern E:\c18v3.46\pic18-lt\cxx-framework\src\extended\proc\p18f4553.asm
                     TOSL   0x000ffd       data     extern E:\c18v3.46\pic18-lt\cxx-framework\src\extended\proc\p18f4553.asm
                     TOSU   0x000fff       data     extern E:\c18v3.46\pic18-lt\cxx-framework\src\extended\proc\p18f4553.asm
                    TRISA   0x000f92       data     extern E:\c18v3.46\pic18-lt\cxx-framework\src\extended\proc\p18f4553.asm
                TRISAbits   0x000f92       data     extern E:\c18v3.46\pic18-lt\cxx-framework\src\extended\proc\p18f4553.asm
                    TRISB   0x000f93       data     extern E:\c18v3.46\pic18-lt\cxx-framework\src\extended\proc\p18f4553.asm
                TRISBbits   0x000f93       data     extern E:\c18v3.46\pic18-lt\cxx-framework\src\extended\proc\p18f4553.asm
                    TRISC   0x000f94       data     extern E:\c18v3.46\pic18-lt\cxx-framework\src\extended\proc\p18f4553.asm
                TRISCbits   0x000f94       data     extern E:\c18v3.46\pic18-lt\cxx-framework\src\extended\proc\p18f4553.asm
                    TRISD   0x000f95       data     extern E:\c18v3.46\pic18-lt\cxx-framework\src\extended\proc\p18f4553.asm
                TRISDbits   0x000f95       data     extern E:\c18v3.46\pic18-lt\cxx-framework\src\extended\proc\p18f4553.asm
                    TRISE   0x000f96       data     extern E:\c18v3.46\pic18-lt\cxx-framework\src\extended\proc\p18f4553.asm
                TRISEbits   0x000f96       data     extern E:\c18v3.46\pic18-lt\cxx-framework\src\extended\proc\p18f4553.asm
                    TXREG   0x000fad       data     extern E:\c18v3.46\pic18-lt\cxx-framework\src\extended\proc\p18f4553.asm
                    TXSTA   0x000fac       data     extern E:\c18v3.46\pic18-lt\cxx-framework\src\extended\proc\p18f4553.asm
                TXSTAbits   0x000fac       data     extern E:\c18v3.46\pic18-lt\cxx-framework\src\extended\proc\p18f4553.asm
                    UADDR   0x000f6e       data     extern E:\c18v3.46\pic18-lt\cxx-framework\src\extended\proc\p18f4553.asm
                UADDRbits   0x000f6e       data     extern E:\c18v3.46\pic18-lt\cxx-framework\src\extended\proc\p18f4553.asm
                     UCFG   0x000f6f       data     extern E:\c18v3.46\pic18-lt\cxx-framework\src\extended\proc\p18f4553.asm
                 UCFGbits   0x000f6f       data     extern E:\c18v3.46\pic18-lt\cxx-framework\src\extended\proc\p18f4553.asm
                     UCON   0x000f6d       data     extern E:\c18v3.46\pic18-lt\cxx-framework\src\extended\proc\p18f4553.asm
                 UCONbits   0x000f6d       data     extern E:\c18v3.46\pic18-lt\cxx-framework\src\extended\proc\p18f4553.asm
                     UEIE   0x000f6b       data     extern E:\c18v3.46\pic18-lt\cxx-framework\src\extended\proc\p18f4553.asm
                 UEIEbits   0x000f6b       data     extern E:\c18v3.46\pic18-lt\cxx-framework\src\extended\proc\p18f4553.asm
                     UEIR   0x000f6a       data     extern E:\c18v3.46\pic18-lt\cxx-framework\src\extended\proc\p18f4553.asm
                 UEIRbits   0x000f6a       data     extern E:\c18v3.46\pic18-lt\cxx-framework\src\extended\proc\p18f4553.asm
                     UEP0   0x000f70       data     extern E:\c18v3.46\pic18-lt\cxx-framework\src\extended\proc\p18f4553.asm
                 UEP0bits   0x000f70       data     extern E:\c18v3.46\pic18-lt\cxx-framework\src\extended\proc\p18f4553.asm
                     UEP1   0x000f71       data     extern E:\c18v3.46\pic18-lt\cxx-framework\src\extended\proc\p18f4553.asm
                    UEP10   0x000f7a       data     extern E:\c18v3.46\pic18-lt\cxx-framework\src\extended\proc\p18f4553.asm
                UEP10bits   0x000f7a       data     extern E:\c18v3.46\pic18-lt\cxx-framework\src\extended\proc\p18f4553.asm
                    UEP11   0x000f7b       data     extern E:\c18v3.46\pic18-lt\cxx-framework\src\extended\proc\p18f4553.asm
                UEP11bits   0x000f7b       data     extern E:\c18v3.46\pic18-lt\cxx-framework\src\extended\proc\p18f4553.asm
                    UEP12   0x000f7c       data     extern E:\c18v3.46\pic18-lt\cxx-framework\src\extended\proc\p18f4553.asm
                UEP12bits   0x000f7c       data     extern E:\c18v3.46\pic18-lt\cxx-framework\src\extended\proc\p18f4553.asm
                    UEP13   0x000f7d       data     extern E:\c18v3.46\pic18-lt\cxx-framework\src\extended\proc\p18f4553.asm
                UEP13bits   0x000f7d       data     extern E:\c18v3.46\pic18-lt\cxx-framework\src\extended\proc\p18f4553.asm
                    UEP14   0x000f7e       data     extern E:\c18v3.46\pic18-lt\cxx-framework\src\extended\proc\p18f4553.asm
                UEP14bits   0x000f7e       data     extern E:\c18v3.46\pic18-lt\cxx-framework\src\extended\proc\p18f4553.asm
                    UEP15   0x000f7f       data     extern E:\c18v3.46\pic18-lt\cxx-framework\src\extended\proc\p18f4553.asm
                UEP15bits   0x000f7f       data     extern E:\c18v3.46\pic18-lt\cxx-framework\src\extended\proc\p18f4553.asm
                 UEP1bits   0x000f71       data     extern E:\c18v3.46\pic18-lt\cxx-framework\src\extended\proc\p18f4553.asm
                     UEP2   0x000f72       data     extern E:\c18v3.46\pic18-lt\cxx-framework\src\extended\proc\p18f4553.asm
                 UEP2bits   0x000f72       data     extern E:\c18v3.46\pic18-lt\cxx-framework\src\extended\proc\p18f4553.asm
                     UEP3   0x000f73       data     extern E:\c18v3.46\pic18-lt\cxx-framework\src\extended\proc\p18f4553.asm
                 UEP3bits   0x000f73       data     extern E:\c18v3.46\pic18-lt\cxx-framework\src\extended\proc\p18f4553.asm
                     UEP4   0x000f74       data     extern E:\c18v3.46\pic18-lt\cxx-framework\src\extended\proc\p18f4553.asm
                 UEP4bits   0x000f74       data     extern E:\c18v3.46\pic18-lt\cxx-framework\src\extended\proc\p18f4553.asm
                     UEP5   0x000f75       data     extern E:\c18v3.46\pic18-lt\cxx-framework\src\extended\proc\p18f4553.asm
                 UEP5bits   0x000f75       data     extern E:\c18v3.46\pic18-lt\cxx-framework\src\extended\proc\p18f4553.asm
                     UEP6   0x000f76       data     extern E:\c18v3.46\pic18-lt\cxx-framework\src\extended\proc\p18f4553.asm
                 UEP6bits   0x000f76       data     extern E:\c18v3.46\pic18-lt\cxx-framework\src\extended\proc\p18f4553.asm
                     UEP7   0x000f77       data     extern E:\c18v3.46\pic18-lt\cxx-framework\src\extended\proc\p18f4553.asm
                 UEP7bits   0x000f77       data     extern E:\c18v3.46\pic18-lt\cxx-framework\src\extended\proc\p18f4553.asm
                     UEP8   0x000f78       data     extern E:\c18v3.46\pic18-lt\cxx-framework\src\extended\proc\p18f4553.asm
                 UEP8bits   0x000f78       data     extern E:\c18v3.46\pic18-lt\cxx-framework\src\extended\proc\p18f4553.asm
                     UEP9   0x000f79       data     extern E:\c18v3.46\pic18-lt\cxx-framework\src\extended\proc\p18f4553.asm
                 UEP9bits   0x000f79       data     extern E:\c18v3.46\pic18-lt\cxx-framework\src\extended\proc\p18f4553.asm
                     UFRM   0x000f66       data     extern E:\c18v3.46\pic18-lt\cxx-framework\src\extended\proc\p18f4553.asm
                    UFRMH   0x000f67       data     extern E:\c18v3.46\pic18-lt\cxx-framework\src\extended\proc\p18f4553.asm
                UFRMHbits   0x000f67       data     extern E:\c18v3.46\pic18-lt\cxx-framework\src\extended\proc\p18f4553.asm
                    UFRML   0x000f66       data     extern E:\c18v3.46\pic18-lt\cxx-framework\src\extended\proc\p18f4553.asm
                UFRMLbits   0x000f66       data     extern E:\c18v3.46\pic18-lt\cxx-framework\src\extended\proc\p18f4553.asm
                      UIE   0x000f69       data     extern E:\c18v3.46\pic18-lt\cxx-framework\src\extended\proc\p18f4553.asm
                  UIEbits   0x000f69       data     extern E:\c18v3.46\pic18-lt\cxx-framework\src\extended\proc\p18f4553.asm
                      UIR   0x000f68       data     extern E:\c18v3.46\pic18-lt\cxx-framework\src\extended\proc\p18f4553.asm
                  UIRbits   0x000f68       data     extern E:\c18v3.46\pic18-lt\cxx-framework\src\extended\proc\p18f4553.asm
                    USTAT   0x000f6c       data     extern E:\c18v3.46\pic18-lt\cxx-framework\src\extended\proc\p18f4553.asm
                USTATbits   0x000f6c       data     extern E:\c18v3.46\pic18-lt\cxx-framework\src\extended\proc\p18f4553.asm
                   WDTCON   0x000fd1       data     extern E:\c18v3.46\pic18-lt\cxx-framework\src\extended\proc\p18f4553.asm
               WDTCONbits   0x000fd1       data     extern E:\c18v3.46\pic18-lt\cxx-framework\src\extended\proc\p18f4553.asm
                     WREG   0x000fe8       data     extern E:\c18v3.46\pic18-lt\cxx-framework\src\extended\proc\p18f4553.asm
                __RETVAL0   0x0000ca       data     extern E:\c18v3.46\pic18-lt\cxx-framework\src\extended\math\cmath18.asm
                __RETVAL1   0x0000cb       data     extern E:\c18v3.46\pic18-lt\cxx-framework\src\extended\math\cmath18.asm
                __RETVAL2   0x0000cc       data     extern E:\c18v3.46\pic18-lt\cxx-framework\src\extended\math\cmath18.asm
                __RETVAL3   0x0000cd       data     extern E:\c18v3.46\pic18-lt\cxx-framework\src\extended\math\cmath18.asm
                  __tmp_0   0x0000aa       data     static C:\Documents and Settings\Pedro\Escritorio\PICGraphics\SystemText.c
                  __tmp_0   0x0000aa       data     static E:\c18v3.46\pic18-lt\cxx-framework\src\extended\stdclib\vfprintf.c
                  __tmp_0   0x0000aa       data     static C:\Baumanometro\delay.c  
                  __tmp_0   0x0000aa       data     static C:\Baumanometro\main.c   
                     _sp1   0x0000bc       data     extern C:\Baumanometro\startup.c
                     _sp2   0x0000be       data     extern C:\Baumanometro\startup.c
                curr_byte   0x0000c3       data     static C:\Baumanometro\startup.c
               curr_entry   0x0000c5       data     static C:\Baumanometro\startup.c
                 data_ptr   0x0000c7       data     static C:\Baumanometro\startup.c
                    fBits   0x00009e       data     extern C:\Baumanometro\main.c   
                   fError   0x000096       data     extern C:\Baumanometro\main.c   
             fPresion_kPa   0x0000a2       data     extern C:\Baumanometro\main.c   
            fPresion_mmHg   0x0000a6       data     extern C:\Baumanometro\main.c   
                    fVout   0x00009a       data     extern C:\Baumanometro\main.c   
                      fVs   0x000092       data     extern C:\Baumanometro\main.c   
                 g_Column   0x00000c       data     extern C:\Documents and Settings\Pedro\Escritorio\PICGraphics\AtWareGraphics.c
              g_GLCDBrush   0x000009       data     extern C:\Documents and Settings\Pedro\Escritorio\PICGraphics\AtWareGraphics.c
                g_GLCDPen   0x000008       data     extern C:\Documents and Settings\Pedro\Escritorio\PICGraphics\AtWareGraphics.c
                  g_GLCDX   0x000004       data     extern C:\Documents and Settings\Pedro\Escritorio\PICGraphics\AtWareGraphics.c
                  g_GLCDY   0x000006       data     extern C:\Documents and Settings\Pedro\Escritorio\PICGraphics\AtWareGraphics.c
                 g_Limits   0x000012       data     extern C:\Documents and Settings\Pedro\Escritorio\PICGraphics\Fill.c
                   g_Line   0x00000d       data     extern C:\Documents and Settings\Pedro\Escritorio\PICGraphics\AtWareGraphics.c
              g_MaxLimitY   0x00000f       data     extern C:\Documents and Settings\Pedro\Escritorio\PICGraphics\AtWareGraphics.c
              g_MinLimitY   0x00000e       data     extern C:\Documents and Settings\Pedro\Escritorio\PICGraphics\AtWareGraphics.c
                 g_pLimit   0x000010       data     extern C:\Documents and Settings\Pedro\Escritorio\PICGraphics\Fill.c
  g_pfnCustomOutputMerger   0x00000a       data     extern C:\Documents and Settings\Pedro\Escritorio\PICGraphics\AtWareGraphics.c
           g_ucGLCDDataIn   0x000001       data     extern C:\Documents and Settings\Pedro\Escritorio\PICGraphics\AtWareGraphics.c
          g_ucGLCDDataOut   0x000002       data     extern C:\Documents and Settings\Pedro\Escritorio\PICGraphics\AtWareGraphics.c
         g_ucGLCDDevChild   0x000000       data     extern C:\Documents and Settings\Pedro\Escritorio\PICGraphics\AtWareGraphics.c
g_ucGLCDFlagsAndCombineOptions   0x000003       data     extern C:\Documents and Settings\Pedro\Escritorio\PICGraphics\AtWareGraphics.c
                     prom   0x0000c0       data     static C:\Baumanometro\startup.c
                   stdout   0x0000ce       data     extern E:\c18v3.46\pic18-lt\cxx-framework\src\extended\stdclib\stdout.c



                              Symbols - Sorted by Address
                     Name    Address   Location    Storage File                     
                ---------  ---------  ---------  --------- ---------                
                   _entry   0x002000    program     extern C:\Baumanometro\startup.c
       ___return_lbl00000   0x002004    program     static                          
                  ATGInit   0x002020    program     extern C:\Documents and Settings\Pedro\Escritorio\PICGraphics\AtWareGraphics.c
                  ATGHide   0x00204c    program     extern C:\Documents and Settings\Pedro\Escritorio\PICGraphics\AtWareGraphics.c
                  ATGShow   0x002054    program     extern C:\Documents and Settings\Pedro\Escritorio\PICGraphics\AtWareGraphics.c
                 ATGClear   0x00205c    program     extern C:\Documents and Settings\Pedro\Escritorio\PICGraphics\Clear.c
         ATGScrollConsole   0x0020b4    program     extern C:\Documents and Settings\Pedro\Escritorio\PICGraphics\Console.c
        ATGConsolePutChar   0x00213e    program     extern C:\Documents and Settings\Pedro\Escritorio\PICGraphics\Console.c
               ATGEllipse   0x0021f2    program     extern C:\Documents and Settings\Pedro\Escritorio\PICGraphics\Ellipse.c
              ATGSetPixel   0x00250c    program     extern C:\Documents and Settings\Pedro\Escritorio\PICGraphics\SetPixel.c
              ATGSetLimit   0x00257a    program     extern C:\Documents and Settings\Pedro\Escritorio\PICGraphics\Fill.c
           ATGResetLimits   0x00262a    program     extern C:\Documents and Settings\Pedro\Escritorio\PICGraphics\Fill.c
            ATGFillLimits   0x00266a    program     extern C:\Documents and Settings\Pedro\Escritorio\PICGraphics\Fill.c
                  ATGLine   0x0026f2    program     extern C:\Documents and Settings\Pedro\Escritorio\PICGraphics\Line.c
            ATGLineLimits   0x0027b8    program     extern C:\Documents and Settings\Pedro\Escritorio\PICGraphics\LineLimit.c
                  ATGPoly   0x002878    program     extern C:\Documents and Settings\Pedro\Escritorio\PICGraphics\Poly.c
               ATGPolyROM   0x0028a8    program     extern C:\Documents and Settings\Pedro\Escritorio\PICGraphics\Poly.c
 ATGWriteCombineNx8Sprite   0x002922    program     extern C:\Documents and Settings\Pedro\Escritorio\PICGraphics\Sprite.c
     ATGSystemFontCharOut   0x002a56    program     extern C:\Documents and Settings\Pedro\Escritorio\PICGraphics\SystemText.c
                   __pa_0   0x002b10    program     static C:\Documents and Settings\Pedro\Escritorio\PICGraphics\Ellipse.c
                   __pa_1   0x002b2a    program     static C:\Documents and Settings\Pedro\Escritorio\PICGraphics\Ellipse.c
                   __pa_2   0x002b44    program     static C:\Documents and Settings\Pedro\Escritorio\PICGraphics\Fill.c
                   __pa_3   0x002b56    program     static C:\Documents and Settings\Pedro\Escritorio\PICGraphics\Console.c
                   __pa_4   0x002b68    program     static C:\Documents and Settings\Pedro\Escritorio\PICGraphics\Clear.c
                   __pa_5   0x002b7a    program     static C:\Documents and Settings\Pedro\Escritorio\PICGraphics\Ellipse.c
                   __pa_6   0x002b82    program     static C:\Documents and Settings\Pedro\Escritorio\PICGraphics\Fill.c
                   __pa_7   0x002b8c    program     static C:\Documents and Settings\Pedro\Escritorio\PICGraphics\Sprite.c
                   __pa_8   0x002b98    program     static C:\Documents and Settings\Pedro\Escritorio\PICGraphics\Line.c
                   __pa_9   0x002bc4    program     static C:\Documents and Settings\Pedro\Escritorio\PICGraphics\Line.c
                  __pa_10   0x002bea    program     static C:\Documents and Settings\Pedro\Escritorio\PICGraphics\Line.c
                  __pa_11   0x002c10    program     static C:\Documents and Settings\Pedro\Escritorio\PICGraphics\LineLimit.c
                  __pa_12   0x002c24    program     static C:\Documents and Settings\Pedro\Escritorio\PICGraphics\Fill.c
                  __pa_13   0x002c2e    program     static C:\Documents and Settings\Pedro\Escritorio\PICGraphics\Poly.c
                  __pa_14   0x002c4c    program     static C:\Documents and Settings\Pedro\Escritorio\PICGraphics\Ellipse.c
                  __pa_15   0x002c64    program     static C:\Documents and Settings\Pedro\Escritorio\PICGraphics\Line.c
                  __pa_16   0x002c7e    program     static C:\Documents and Settings\Pedro\Escritorio\PICGraphics\Ellipse.c
                  __pa_17   0x002c96    program     static C:\Documents and Settings\Pedro\Escritorio\PICGraphics\Ellipse.c
                  __pa_18   0x002cac    program     static C:\Documents and Settings\Pedro\Escritorio\PICGraphics\Line.c
                  __pa_19   0x002cc2    program     static C:\Documents and Settings\Pedro\Escritorio\PICGraphics\Line.c
                  __pa_20   0x002cd8    program     static C:\Documents and Settings\Pedro\Escritorio\PICGraphics\Poly.c
                  __pa_21   0x002cee    program     static C:\Documents and Settings\Pedro\Escritorio\PICGraphics\Ellipse.c
                  __pa_22   0x002cfc    program     static C:\Documents and Settings\Pedro\Escritorio\PICGraphics\Ellipse.c
                  __pa_23   0x002d0a    program     static C:\Documents and Settings\Pedro\Escritorio\PICGraphics\Ellipse.c
                  __pa_24   0x002d1a    program     static C:\Documents and Settings\Pedro\Escritorio\PICGraphics\Ellipse.c
[...]
                    TRISC   0x000f94       data     extern E:\c18v3.46\pic18-lt\cxx-framework\src\extended\proc\p18f4553.asm
                     DDRD   0x000f95       data     extern E:\c18v3.46\pic18-lt\cxx-framework\src\extended\proc\p18f4553.asm
                 DDRDbits   0x000f95       data     extern E:\c18v3.46\pic18-lt\cxx-framework\src\extended\proc\p18f4553.asm
                TRISDbits   0x000f95       data     extern E:\c18v3.46\pic18-lt\cxx-framework\src\extended\proc\p18f4553.asm
                    TRISD   0x000f95       data     extern E:\c18v3.46\pic18-lt\cxx-framework\src\extended\proc\p18f4553.asm
                TRISEbits   0x000f96       data     extern E:\c18v3.46\pic18-lt\cxx-framework\src\extended\proc\p18f4553.asm
                    TRISE   0x000f96       data     extern E:\c18v3.46\pic18-lt\cxx-framework\src\extended\proc\p18f4553.asm
                     DDRE   0x000f96       data     extern E:\c18v3.46\pic18-lt\cxx-framework\src\extended\proc\p18f4553.asm
                 DDREbits   0x000f96       data     extern E:\c18v3.46\pic18-lt\cxx-framework\src\extended\proc\p18f4553.asm
              OSCTUNEbits   0x000f9b       data     extern E:\c18v3.46\pic18-lt\cxx-framework\src\extended\proc\p18f4553.asm
                  OSCTUNE   0x000f9b       data     extern E:\c18v3.46\pic18-lt\cxx-framework\src\extended\proc\p18f4553.asm
                 PIE1bits   0x000f9d       data     extern E:\c18v3.46\pic18-lt\cxx-framework\src\extended\proc\p18f4553.asm
                     PIE1   0x000f9d       data     extern E:\c18v3.46\pic18-lt\cxx-framework\src\extended\proc\p18f4553.asm
                 PIR1bits   0x000f9e       data     extern E:\c18v3.46\pic18-lt\cxx-framework\src\extended\proc\p18f4553.asm
                     PIR1   0x000f9e       data     extern E:\c18v3.46\pic18-lt\cxx-framework\src\extended\proc\p18f4553.asm
                     IPR1   0x000f9f       data     extern E:\c18v3.46\pic18-lt\cxx-framework\src\extended\proc\p18f4553.asm
                 IPR1bits   0x000f9f       data     extern E:\c18v3.46\pic18-lt\cxx-framework\src\extended\proc\p18f4553.asm
                 PIE2bits   0x000fa0       data     extern E:\c18v3.46\pic18-lt\cxx-framework\src\extended\proc\p18f4553.asm
                     PIE2   0x000fa0       data     extern E:\c18v3.46\pic18-lt\cxx-framework\src\extended\proc\p18f4553.asm
                 PIR2bits   0x000fa1       data     extern E:\c18v3.46\pic18-lt\cxx-framework\src\extended\proc\p18f4553.asm
                     PIR2   0x000fa1       data     extern E:\c18v3.46\pic18-lt\cxx-framework\src\extended\proc\p18f4553.asm
                     IPR2   0x000fa2       data     extern E:\c18v3.46\pic18-lt\cxx-framework\src\extended\proc\p18f4553.asm
                 IPR2bits   0x000fa2       data     extern E:\c18v3.46\pic18-lt\cxx-framework\src\extended\proc\p18f4553.asm
                   EECON1   0x000fa6       data     extern E:\c18v3.46\pic18-lt\cxx-framework\src\extended\proc\p18f4553.asm
               EECON1bits   0x000fa6       data     extern E:\c18v3.46\pic18-lt\cxx-framework\src\extended\proc\p18f4553.asm
                   EECON2   0x000fa7       data     extern E:\c18v3.46\pic18-lt\cxx-framework\src\extended\proc\p18f4553.asm
                   EEDATA   0x000fa8       data     extern E:\c18v3.46\pic18-lt\cxx-framework\src\extended\proc\p18f4553.asm
                    EEADR   0x000fa9       data     extern E:\c18v3.46\pic18-lt\cxx-framework\src\extended\proc\p18f4553.asm
                    RCSTA   0x000fab       data     extern E:\c18v3.46\pic18-lt\cxx-framework\src\extended\proc\p18f4553.asm
                RCSTAbits   0x000fab       data     extern E:\c18v3.46\pic18-lt\cxx-framework\src\extended\proc\p18f4553.asm
                    TXSTA   0x000fac       data     extern E:\c18v3.46\pic18-lt\cxx-framework\src\extended\proc\p18f4553.asm
                TXSTAbits   0x000fac       data     extern E:\c18v3.46\pic18-lt\cxx-framework\src\extended\proc\p18f4553.asm
                    TXREG   0x000fad       data     extern E:\c18v3.46\pic18-lt\cxx-framework\src\extended\proc\p18f4553.asm
                    RCREG   0x000fae       data     extern E:\c18v3.46\pic18-lt\cxx-framework\src\extended\proc\p18f4553.asm
                    SPBRG   0x000faf       data     extern E:\c18v3.46\pic18-lt\cxx-framework\src\extended\proc\p18f4553.asm
                   SPBRGH   0x000fb0       data     extern E:\c18v3.46\pic18-lt\cxx-framework\src\extended\proc\p18f4553.asm
                T3CONbits   0x000fb1       data     extern E:\c18v3.46\pic18-lt\cxx-framework\src\extended\proc\p18f4553.asm
                    T3CON   0x000fb1       data     extern E:\c18v3.46\pic18-lt\cxx-framework\src\extended\proc\p18f4553.asm
                    TMR3L   0x000fb2       data     extern E:\c18v3.46\pic18-lt\cxx-framework\src\extended\proc\p18f4553.asm
                    TMR3H   0x000fb3       data     extern E:\c18v3.46\pic18-lt\cxx-framework\src\extended\proc\p18f4553.asm
                CMCONbits   0x000fb4       data     extern E:\c18v3.46\pic18-lt\cxx-framework\src\extended\proc\p18f4553.asm
                    CMCON   0x000fb4       data     extern E:\c18v3.46\pic18-lt\cxx-framework\src\extended\proc\p18f4553.asm
               CVRCONbits   0x000fb5       data     extern E:\c18v3.46\pic18-lt\cxx-framework\src\extended\proc\p18f4553.asm
                   CVRCON   0x000fb5       data     extern E:\c18v3.46\pic18-lt\cxx-framework\src\extended\proc\p18f4553.asm
              ECCP1ASbits   0x000fb6       data     extern E:\c18v3.46\pic18-lt\cxx-framework\src\extended\proc\p18f4553.asm
                  ECCP1AS   0x000fb6       data     extern E:\c18v3.46\pic18-lt\cxx-framework\src\extended\proc\p18f4553.asm
                   CCP1AS   0x000fb6       data     extern E:\c18v3.46\pic18-lt\cxx-framework\src\extended\proc\p18f4553.asm
               CCP1ASbits   0x000fb6       data     extern E:\c18v3.46\pic18-lt\cxx-framework\src\extended\proc\p18f4553.asm
             ECCP1DELbits   0x000fb7       data     extern E:\c18v3.46\pic18-lt\cxx-framework\src\extended\proc\p18f4553.asm
                 ECCP1DEL   0x000fb7       data     extern E:\c18v3.46\pic18-lt\cxx-framework\src\extended\proc\p18f4553.asm
              CCP1DELbits   0x000fb7       data     extern E:\c18v3.46\pic18-lt\cxx-framework\src\extended\proc\p18f4553.asm
                  CCP1DEL   0x000fb7       data     extern E:\c18v3.46\pic18-lt\cxx-framework\src\extended\proc\p18f4553.asm
              BAUDCTLbits   0x000fb8       data     extern E:\c18v3.46\pic18-lt\cxx-framework\src\extended\proc\p18f4553.asm
                  BAUDCTL   0x000fb8       data     extern E:\c18v3.46\pic18-lt\cxx-framework\src\extended\proc\p18f4553.asm
                  BAUDCON   0x000fb8       data     extern E:\c18v3.46\pic18-lt\cxx-framework\src\extended\proc\p18f4553.asm
              BAUDCONbits   0x000fb8       data     extern E:\c18v3.46\pic18-lt\cxx-framework\src\extended\proc\p18f4553.asm
                  CCP2CON   0x000fba       data     extern E:\c18v3.46\pic18-lt\cxx-framework\src\extended\proc\p18f4553.asm
              CCP2CONbits   0x000fba       data     extern E:\c18v3.46\pic18-lt\cxx-framework\src\extended\proc\p18f4553.asm
                   CCPR2L   0x000fbb       data     extern E:\c18v3.46\pic18-lt\cxx-framework\src\extended\proc\p18f4553.asm
                    CCPR2   0x000fbb       data     extern E:\c18v3.46\pic18-lt\cxx-framework\src\extended\proc\p18f4553.asm
                   CCPR2H   0x000fbc       data     extern E:\c18v3.46\pic18-lt\cxx-framework\src\extended\proc\p18f4553.asm
             ECCP1CONbits   0x000fbd       data     extern E:\c18v3.46\pic18-lt\cxx-framework\src\extended\proc\p18f4553.asm
                 ECCP1CON   0x000fbd       data     extern E:\c18v3.46\pic18-lt\cxx-framework\src\extended\proc\p18f4553.asm
              CCP1CONbits   0x000fbd       data     extern E:\c18v3.46\pic18-lt\cxx-framework\src\extended\proc\p18f4553.asm
                  CCP1CON   0x000fbd       data     extern E:\c18v3.46\pic18-lt\cxx-framework\src\extended\proc\p18f4553.asm
                   CCPR1L   0x000fbe       data     extern E:\c18v3.46\pic18-lt\cxx-framework\src\extended\proc\p18f4553.asm
                    CCPR1   0x000fbe       data     extern E:\c18v3.46\pic18-lt\cxx-framework\src\extended\proc\p18f4553.asm
                   CCPR1H   0x000fbf       data     extern E:\c18v3.46\pic18-lt\cxx-framework\src\extended\proc\p18f4553.asm
               ADCON2bits   0x000fc0       data     extern E:\c18v3.46\pic18-lt\cxx-framework\src\extended\proc\p18f4553.asm
                   ADCON2   0x000fc0       data     extern E:\c18v3.46\pic18-lt\cxx-framework\src\extended\proc\p18f4553.asm
               ADCON1bits   0x000fc1       data     extern E:\c18v3.46\pic18-lt\cxx-framework\src\extended\proc\p18f4553.asm
                   ADCON1   0x000fc1       data     extern E:\c18v3.46\pic18-lt\cxx-framework\src\extended\proc\p18f4553.asm
               ADCON0bits   0x000fc2       data     extern E:\c18v3.46\pic18-lt\cxx-framework\src\extended\proc\p18f4553.asm
                   ADCON0   0x000fc2       data     extern E:\c18v3.46\pic18-lt\cxx-framework\src\extended\proc\p18f4553.asm
                   ADRESL   0x000fc3       data     extern E:\c18v3.46\pic18-lt\cxx-framework\src\extended\proc\p18f4553.asm
                    ADRES   0x000fc3       data     extern E:\c18v3.46\pic18-lt\cxx-framework\src\extended\proc\p18f4553.asm
                   ADRESH   0x000fc4       data     extern E:\c18v3.46\pic18-lt\cxx-framework\src\extended\proc\p18f4553.asm
                  SSPCON2   0x000fc5       data     extern E:\c18v3.46\pic18-lt\cxx-framework\src\extended\proc\p18f4553.asm
              SSPCON2bits   0x000fc5       data     extern E:\c18v3.46\pic18-lt\cxx-framework\src\extended\proc\p18f4553.asm
                  SSPCON1   0x000fc6       data     extern E:\c18v3.46\pic18-lt\cxx-framework\src\extended\proc\p18f4553.asm
              SSPCON1bits   0x000fc6       data     extern E:\c18v3.46\pic18-lt\cxx-framework\src\extended\proc\p18f4553.asm
              SSPSTATbits   0x000fc7       data     extern E:\c18v3.46\pic18-lt\cxx-framework\src\extended\proc\p18f4553.asm
                  SSPSTAT   0x000fc7       data     extern E:\c18v3.46\pic18-lt\cxx-framework\src\extended\proc\p18f4553.asm
                   SSPADD   0x000fc8       data     extern E:\c18v3.46\pic18-lt\cxx-framework\src\extended\proc\p18f4553.asm
                   SSPBUF   0x000fc9       data     extern E:\c18v3.46\pic18-lt\cxx-framework\src\extended\proc\p18f4553.asm
                    T2CON   0x000fca       data     extern E:\c18v3.46\pic18-lt\cxx-framework\src\extended\proc\p18f4553.asm
                T2CONbits   0x000fca       data     extern E:\c18v3.46\pic18-lt\cxx-framework\src\extended\proc\p18f4553.asm
                      PR2   0x000fcb       data     extern E:\c18v3.46\pic18-lt\cxx-framework\src\extended\proc\p18f4553.asm
                     TMR2   0x000fcc       data     extern E:\c18v3.46\pic18-lt\cxx-framework\src\extended\proc\p18f4553.asm
                    T1CON   0x000fcd       data     extern E:\c18v3.46\pic18-lt\cxx-framework\src\extended\proc\p18f4553.asm
                T1CONbits   0x000fcd       data     extern E:\c18v3.46\pic18-lt\cxx-framework\src\extended\proc\p18f4553.asm
                    TMR1L   0x000fce       data     extern E:\c18v3.46\pic18-lt\cxx-framework\src\extended\proc\p18f4553.asm
                    TMR1H   0x000fcf       data     extern E:\c18v3.46\pic18-lt\cxx-framework\src\extended\proc\p18f4553.asm
                 RCONbits   0x000fd0       data     extern E:\c18v3.46\pic18-lt\cxx-framework\src\extended\proc\p18f4553.asm
                     RCON   0x000fd0       data     extern E:\c18v3.46\pic18-lt\cxx-framework\src\extended\proc\p18f4553.asm
               WDTCONbits   0x000fd1       data     extern E:\c18v3.46\pic18-lt\cxx-framework\src\extended\proc\p18f4553.asm
                   WDTCON   0x000fd1       data     extern E:\c18v3.46\pic18-lt\cxx-framework\src\extended\proc\p18f4553.asm
                  HLVDCON   0x000fd2       data     extern E:\c18v3.46\pic18-lt\cxx-framework\src\extended\proc\p18f4553.asm
              HLVDCONbits   0x000fd2       data     extern E:\c18v3.46\pic18-lt\cxx-framework\src\extended\proc\p18f4553.asm
               LVDCONbits   0x000fd2       data     extern E:\c18v3.46\pic18-lt\cxx-framework\src\extended\proc\p18f4553.asm
                   LVDCON   0x000fd2       data     extern E:\c18v3.46\pic18-lt\cxx-framework\src\extended\proc\p18f4553.asm
               OSCCONbits   0x000fd3       data     extern E:\c18v3.46\pic18-lt\cxx-framework\src\extended\proc\p18f4553.asm
                   OSCCON   0x000fd3       data     extern E:\c18v3.46\pic18-lt\cxx-framework\src\extended\proc\p18f4553.asm
                T0CONbits   0x000fd5       data     extern E:\c18v3.46\pic18-lt\cxx-framework\src\extended\proc\p18f4553.asm
                    T0CON   0x000fd5       data     extern E:\c18v3.46\pic18-lt\cxx-framework\src\extended\proc\p18f4553.asm
                    TMR0L   0x000fd6       data     extern E:\c18v3.46\pic18-lt\cxx-framework\src\extended\proc\p18f4553.asm
                    TMR0H   0x000fd7       data     extern E:\c18v3.46\pic18-lt\cxx-framework\src\extended\proc\p18f4553.asm
                   STATUS   0x000fd8       data     extern E:\c18v3.46\pic18-lt\cxx-framework\src\extended\proc\p18f4553.asm
               STATUSbits   0x000fd8       data     extern E:\c18v3.46\pic18-lt\cxx-framework\src\extended\proc\p18f4553.asm
                    FSR2L   0x000fd9       data     extern E:\c18v3.46\pic18-lt\cxx-framework\src\extended\proc\p18f4553.asm
                     FSR2   0x000fd9       data     extern E:\c18v3.46\pic18-lt\cxx-framework\src\extended\proc\p18f4553.asm
                    FSR2H   0x000fda       data     extern E:\c18v3.46\pic18-lt\cxx-framework\src\extended\proc\p18f4553.asm
                   PLUSW2   0x000fdb       data     extern E:\c18v3.46\pic18-lt\cxx-framework\src\extended\proc\p18f4553.asm
                  PREINC2   0x000fdc       data     extern E:\c18v3.46\pic18-lt\cxx-framework\src\extended\proc\p18f4553.asm
                 POSTDEC2   0x000fdd       data     extern E:\c18v3.46\pic18-lt\cxx-framework\src\extended\proc\p18f4553.asm
                 POSTINC2   0x000fde       data     extern E:\c18v3.46\pic18-lt\cxx-framework\src\extended\proc\p18f4553.asm
                    INDF2   0x000fdf       data     extern E:\c18v3.46\pic18-lt\cxx-framework\src\extended\proc\p18f4553.asm
                      BSR   0x000fe0       data     extern E:\c18v3.46\pic18-lt\cxx-framework\src\extended\proc\p18f4553.asm
                     FSR1   0x000fe1       data     extern E:\c18v3.46\pic18-lt\cxx-framework\src\extended\proc\p18f4553.asm
                    FSR1L   0x000fe1       data     extern E:\c18v3.46\pic18-lt\cxx-framework\src\extended\proc\p18f4553.asm
                    FSR1H   0x000fe2       data     extern E:\c18v3.46\pic18-lt\cxx-framework\src\extended\proc\p18f4553.asm
                   PLUSW1   0x000fe3       data     extern E:\c18v3.46\pic18-lt\cxx-framework\src\extended\proc\p18f4553.asm
                  PREINC1   0x000fe4       data     extern E:\c18v3.46\pic18-lt\cxx-framework\src\extended\proc\p18f4553.asm
                 POSTDEC1   0x000fe5       data     extern E:\c18v3.46\pic18-lt\cxx-framework\src\extended\proc\p18f4553.asm
                 POSTINC1   0x000fe6       data     extern E:\c18v3.46\pic18-lt\cxx-framework\src\extended\proc\p18f4553.asm
                    INDF1   0x000fe7       data     extern E:\c18v3.46\pic18-lt\cxx-framework\src\extended\proc\p18f4553.asm
                     WREG   0x000fe8       data     extern E:\c18v3.46\pic18-lt\cxx-framework\src\extended\proc\p18f4553.asm
                     FSR0   0x000fe9       data     extern E:\c18v3.46\pic18-lt\cxx-framework\src\extended\proc\p18f4553.asm
                    FSR0L   0x000fe9       data     extern E:\c18v3.46\pic18-lt\cxx-framework\src\extended\proc\p18f4553.asm
                    FSR0H   0x000fea       data     extern E:\c18v3.46\pic18-lt\cxx-framework\src\extended\proc\p18f4553.asm
                   PLUSW0   0x000feb       data     extern E:\c18v3.46\pic18-lt\cxx-framework\src\extended\proc\p18f4553.asm
                  PREINC0   0x000fec       data     extern E:\c18v3.46\pic18-lt\cxx-framework\src\extended\proc\p18f4553.asm
                 POSTDEC0   0x000fed       data     extern E:\c18v3.46\pic18-lt\cxx-framework\src\extended\proc\p18f4553.asm
                 POSTINC0   0x000fee       data     extern E:\c18v3.46\pic18-lt\cxx-framework\src\extended\proc\p18f4553.asm
                    INDF0   0x000fef       data     extern E:\c18v3.46\pic18-lt\cxx-framework\src\extended\proc\p18f4553.asm
              INTCON3bits   0x000ff0       data     extern E:\c18v3.46\pic18-lt\cxx-framework\src\extended\proc\p18f4553.asm
                  INTCON3   0x000ff0       data     extern E:\c18v3.46\pic18-lt\cxx-framework\src\extended\proc\p18f4553.asm
              INTCON2bits   0x000ff1       data     extern E:\c18v3.46\pic18-lt\cxx-framework\src\extended\proc\p18f4553.asm
                  INTCON2   0x000ff1       data     extern E:\c18v3.46\pic18-lt\cxx-framework\src\extended\proc\p18f4553.asm
                   INTCON   0x000ff2       data     extern E:\c18v3.46\pic18-lt\cxx-framework\src\extended\proc\p18f4553.asm
               INTCONbits   0x000ff2       data     extern E:\c18v3.46\pic18-lt\cxx-framework\src\extended\proc\p18f4553.asm
                    PRODL   0x000ff3       data     extern E:\c18v3.46\pic18-lt\cxx-framework\src\extended\proc\p18f4553.asm
                     PROD   0x000ff3       data     extern E:\c18v3.46\pic18-lt\cxx-framework\src\extended\proc\p18f4553.asm
                    PRODH   0x000ff4       data     extern E:\c18v3.46\pic18-lt\cxx-framework\src\extended\proc\p18f4553.asm
                   TABLAT   0x000ff5       data     extern E:\c18v3.46\pic18-lt\cxx-framework\src\extended\proc\p18f4553.asm
                   TBLPTR   0x000ff6       data     extern E:\c18v3.46\pic18-lt\cxx-framework\src\extended\proc\p18f4553.asm
                  TBLPTRL   0x000ff6       data     extern E:\c18v3.46\pic18-lt\cxx-framework\src\extended\proc\p18f4553.asm
                  TBLPTRH   0x000ff7       data     extern E:\c18v3.46\pic18-lt\cxx-framework\src\extended\proc\p18f4553.asm
                  TBLPTRU   0x000ff8       data     extern E:\c18v3.46\pic18-lt\cxx-framework\src\extended\proc\p18f4553.asm
                       PC   0x000ff9       data     extern E:\c18v3.46\pic18-lt\cxx-framework\src\extended\proc\p18f4553.asm
                      PCL   0x000ff9       data     extern E:\c18v3.46\pic18-lt\cxx-framework\src\extended\proc\p18f4553.asm
                   PCLATH   0x000ffa       data     extern E:\c18v3.46\pic18-lt\cxx-framework\src\extended\proc\p18f4553.asm
                   PCLATU   0x000ffb       data     extern E:\c18v3.46\pic18-lt\cxx-framework\src\extended\proc\p18f4553.asm
                   STKPTR   0x000ffc       data     extern E:\c18v3.46\pic18-lt\cxx-framework\src\extended\proc\p18f4553.asm
               STKPTRbits   0x000ffc       data     extern E:\c18v3.46\pic18-lt\cxx-framework\src\extended\proc\p18f4553.asm
                      TOS   0x000ffd       data     extern E:\c18v3.46\pic18-lt\cxx-framework\src\extended\proc\p18f4553.asm
                     TOSL   0x000ffd       data     extern E:\c18v3.46\pic18-lt\cxx-framework\src\extended\proc\p18f4553.asm
                     TOSH   0x000ffe       data     extern E:\c18v3.46\pic18-lt\cxx-framework\src\extended\proc\p18f4553.asm
                     TOSU   0x000fff       data     extern E:\c18v3.46\pic18-lt\cxx-framework\src\extended\proc\p18f4553.asm


